building Nix...
building the system configuration...
these 19 derivations will be built:
  /nix/store/qhdfhl6i8scjjxnd5kjj8cr06bmizid5-steam-fhsenv-rootfs.drv
  /nix/store/0rfddzbbzfldycl63z8lyyzw4v9mgp8s-steam-bwrap.drv
  /nix/store/lcbamysbqsalqhz7bzdia2gmkxkc1vkh-lutris-0.5.19-fhsenv-profile.drv
  /nix/store/n5gbf3snsr72d13ccrayfby0gq32v8qa-steam.drv
  /nix/store/aibdr7giyw6j4l1b2qi8ywm5h24ddwlg-lutris-0.5.19-fhsenv-rootfs.drv
  /nix/store/xdixbaqj45s11fd6kn83l6c4d8ij9ap1-lutris-0.5.19-init.drv
  /nix/store/acmxk9gby756kwjdsdxr216fww5cisrz-lutris-0.5.19-bwrap.drv
  /nix/store/hgb72pxshd3gf80nxfx11pxcrh2r0rhk-lutris-0.5.19.drv
  /nix/store/dm3xympk4hahj3yfg1f2v2ra3mzrwvwb-system-path.drv
  /nix/store/lgsdbn47ksf403l7v6vr5p5frdhgvqqy-X-Restart-Triggers-polkit.drv
  /nix/store/ficsjszlbydfp9yda913cnd1sv2zkfp8-unit-polkit.service.drv
  /nix/store/xpzm4crvfvrfy102c731dlh8kifgcqn8-dbus-1.drv
  /nix/store/53zn47kh1ibjzqhlklhzrkrzq05ry1p3-X-Restart-Triggers-dbus.drv
  /nix/store/nrsk5g4p3s760s33gjwdfk49m3bvsv12-unit-dbus.service.drv
  /nix/store/k5k5x6hzf8hxj7dnnajvnf0cdapzl0l3-system-units.drv
  /nix/store/fwai4pmrjpvyih9fbyy202fkgl33nf4v-unit-dbus.service.drv
  /nix/store/nbj6r94az43x9szfrb8jj7a2z68wcq4d-user-units.drv
  /nix/store/4m3wmdhfhqm1fw6jpyqydkhn2h09djgi-etc.drv
  /nix/store/iy1r1dg1mpp8j4ww86njxbfra4fapybg-nixos-system-nixos-25.05.802746.7282cb574e06.drv
these 274 paths will be fetched (356.97 MiB download, 1205.97 MiB unpacked):
  /nix/store/19vz6pj86lblarzcvh9qrb6z6i80bmkb-Fluid-3
  /nix/store/ala8vpz492in43c8farjcgi9nxrgv3n2-SDL_compat-1.2.68
  /nix/store/kwqjvfwk7db9lpd6chxs48cxyhcm5r4d-SDL_compat-1.2.68
  /nix/store/jj6s6ypmww4f9y0krk62iyd0r9nfsj7c-SDL_net-1.2.8-unstable-2025-04-21
  /nix/store/78zjkz1qmglji0qxlc0w48k9lw9nrswm-SDL_sound-1.0.3
  /nix/store/sjv5fl9x87gmwagc6b7a3pxia36hd2hi-a52dec-0.8.0
  /nix/store/s67p42075zawv3yxccyqxnsklvs4a700-aalib-1.4rc5
  /nix/store/q64rrpvkm6wagkv1gppnn5mqkphk0ah8-agg-2.5
  /nix/store/7ffbarcdr06rldadfqn8f547bs0vss63-allegro-4.4.3.1
  /nix/store/9zrqj1s1657pwj5zyghw958s7ykxbyaq-appstream-1.0.4
  /nix/store/i3n1ix2xiglxqyq0fx8fvimv5i9y0iqp-ayatana-ido-0.10.4
  /nix/store/l61igd6jbpg18v60ziyjnqgqnnjmc7jf-bash-interactive-5.2p37-man
  /nix/store/6cb7zpnr3af13q8g2p7hvr4rxad8r3jz-binutils-2.44
  /nix/store/fqyirwm93ci4mlj0n48wczzxz1f18npp-binutils-2.44-lib
  /nix/store/10k9y069ssgl3l9av73r8x8hdalqpiic-binutils-wrapper-2.44
  /nix/store/0brpplsmi8d9ax6k2cfxb6q3nilm8h9c-cabextract-1.11
  /nix/store/8p41zasarin5yrixmc9742185j7fviw8-cabextract-1.11
  /nix/store/v6qlpplk8vcxg57ik3ar5ns1yijj43wx-chromaprint-1.5.1
  /nix/store/h4jqg4s12pg4j8c2mhyav2ib03ghd074-cups-2.4.11
  /nix/store/sdj0w1ls77ckpx0d5h0ajcgsms12bng8-cups-2.4.11-man
  /nix/store/xq60d4iyhc1fn00iq6jc4ihg65lbd67w-curl-8.13.0-man
  /nix/store/0b4qn9mdgggicr6qizb5hn5gcvadyy2b-cyrus-sasl-2.1.28
  /nix/store/gvc914qwcdabs0854lqp91pmkwa40ddj-dav1d-1.5.1-dev
  /nix/store/lqiahvdhmkxjjm4h7b5489lw41z37rxk-dbus-1.14.10-man
  /nix/store/77z8w3xjiggz8fqprywbh4vkp8kgjs3h-dumb-2.0.3
  /nix/store/kp286yl1qrymsz781dxaxnfm2d9psgrc-expand-response-params
  /nix/store/m51yg5wgfm1d5sih454ys25fa7q55gps-faad2-2.11.2
  /nix/store/i7jl9x88nad04ywbjw4pvdizq3gmf35b-ffmpeg-6.1.2
  /nix/store/m9ij0b8r1apx8qc3d9xhdc207abp21mz-ffmpeg-6.1.2-bin
  /nix/store/271z7skr6jxhmywrmdj3bq3fci60v970-ffmpeg-6.1.2-man
  /nix/store/b33cn8245iril6k6vpqmg6mbv930q83l-flite-2.2-lib
  /nix/store/f08il56gi04wcl91l9zwh3hv7cgqanv2-fluidsynth-2.4.4
  /nix/store/fcydp53bpxyrxwm64zpnz20fccpx7j6v-fluidsynth-2.4.4-man
  /nix/store/d74avwv9kvjyh72d0zdsiffj3xf1985p-freepats-20060219
  /nix/store/7iv8mkb2qcw1i9sc902d1nzhiy0kaw32-game-music-emu-0.6.3
  /nix/store/f5sfpd9kpa66vshigiy2k205pf93fiss-gcc-14.2.1.20250322
  /nix/store/4h2hwl6gf5b8dwk379b55270cbdakrrn-gcc-14.2.1.20250322-lib
  /nix/store/jfggbbfcidzi7i53diakp24xix6gifws-gcc-14.2.1.20250322-libgcc
  /nix/store/j0s1v4rarkdlb2xvc62lxdhrkwgzgsxk-gcc-14.2.1.20250322-man
  /nix/store/y0cm45kcs4rnf0y5ys9066l1rn7p3b0i-gcc-14.2.1.20250322-man
  /nix/store/kg8p6bcz9piny0ppckn0i6q2zcd24zql-gcc-wrapper-14.2.1.20250322
  /nix/store/kbykzp8wk3anb8ym760yf5m28nqz2k9n-gcc-wrapper-14.2.1.20250322-man
  /nix/store/qhv7fvf91gd9m503wns8ibdb1i7nszsj-gcc-wrapper-14.2.1.20250322-man
  /nix/store/rcrf825kfc9bwn9yxgjhmg4658yncq3h-gd-2.3.3
  /nix/store/yfrbisz8a4f57qxr8aljjgf3iqrfjrs0-gettext-0.22.5-man
  /nix/store/8z7gr9rs159hp1w7y6b721wipfa3npkl-glew-2.2.0-bin
  /nix/store/lffjrw0hnsg57nny57w0bpciid3amk9y-glibc-2.40-66-dev
  /nix/store/984dh12478nrzdla3npm8vx2ipqzm6w4-gmp-6.3.0
  /nix/store/6qfhlp3mivhqh6dhp63a9dh7an6bxfr7-gnutls-3.8.9-bin
  /nix/store/x1y13g9mpwm96ylx30vfa3cr0whfij7y-gnutls-3.8.9-bin
  /nix/store/6wi81hz108rnyacyx70v2y760kqq4cnk-gnutls-3.8.9-man
  /nix/store/bjaljjj1vqrywaz3211pf6g325ri8rrb-gnutls-3.8.9-man
  /nix/store/y7r3j7vr8b3k9z5l9kf855szj17f5lq3-gobject-introspection-1.84.0-dev
  /nix/store/xscl1m8ssh4bwnsk0i64y281lj953p0x-gobject-introspection-wrapped-1.84.0-dev
  /nix/store/i8wv5sfr53mw95gs119dclzgkdgsb8f9-gsm-1.0.22
  /nix/store/rkzzjmz71cssa98vy230jnlyycb6jhi1-gssdp-1.6.3
  /nix/store/pawb9850b9pavfvx3av2d9444a36scm1-gst-libav-1.26.0
  /nix/store/yda4c1ipbp973xvjaa9ngcbqlz0c7ixj-gst-plugins-bad-1.26.0
  /nix/store/26j3xngq92l296izmx3py5isvps64205-gst-plugins-good-1.26.0
  /nix/store/3dpywhxjy59vv8ahcxg1bfvn1hgvkn9a-gst-plugins-ugly-1.26.0
  /nix/store/b730r7pnl7lvz02n7iqn9dz45a2jxcfx-gstreamer-1.26.0-bin
  /nix/store/3k0qpfgkwy23mb96wi8snw97fqps1kx3-gtk+-2.24.33
  /nix/store/vr6pa3kkj5h5la6lrv2aifv6i8is4i36-gtk4-4.18.5
  /nix/store/k4vbakbamzxmqpa265r2zaisdn20rxxx-gtksourceview-3.24.11
  /nix/store/k0zwhd2hn0im0807hj66ww45m4nbn7jb-gupnp-1.6.8
  /nix/store/dv3d8aqlwshj1khq1yi5ra815f5rqjxs-gupnp-igd-1.6.0
  /nix/store/lp4pzb84vbxnvjmxc1b3si74b313qqnd-imath-3.1.12
  /nix/store/y2cv8fszm2ixxrhpl4g1d9rknq8pr0kz-isl-0.20
  /nix/store/1nfpmh4xn8jmc9sp2cvwwl2r3gn8dvk9-keyutils-1.6.3
  /nix/store/px2x43r61hhfw0vcsh06043k6kvzg2dw-keyutils-1.6.3
  /nix/store/jksz97vyjx3ib0sz0qy7l27qz2wj8018-keyutils-1.6.3-man
  /nix/store/ksmzy2vj2xz64z08bkrfdqslana7sa4c-keyutils-1.6.3-man
  /nix/store/b4l9qfbjwvcc51q7s3c7w7m8kav4is7y-krb5-1.21.3
  /nix/store/gqmi1dvlgs45fhm52lnpz3swz8saxjly-lcevcdec-3.3.5-lib
  /nix/store/ibh3a883wnwswwrhdspvn6drb4snsapz-lcms2-2.17-bin
  /nix/store/23dl5br5hxqi1ljpbq2yhwc1ry58hds7-ldb-2.9.2
  /nix/store/nkxps6qd84wja948mcyd09h505iwi6q2-libICE-1.1.2
  /nix/store/wicm7ps3432xi2slpd4wfpqql7ld0zgv-libSM-1.2.5
  /nix/store/nl29hc71s5xmzwlxbrxkb7ww1zakdh0v-libX11-1.8.12-man
  /nix/store/1np7x92jwpzmkcssihd1wqycaivzg4x0-libXScrnSaver-1.2.4
  /nix/store/z4fy8j1j3l4a8z5l9j6mqk5dz8ccpjpl-libXaw-1.0.16
  /nix/store/179a7fz752mcvnj692flp8x6blfyiq4a-libXext-1.3.6-man
  /nix/store/0yqgvxd36w4nkawmc6apzh0l7lj92xlj-libXi-1.8.2-man
  /nix/store/4l48gr35h4yyk13i78wq3c8ff3rj5jhq-libXmu-1.2.1
  /nix/store/franwb98lvrcjdwbhwc7z4j3sviafcfh-libXpm-3.5.17
  /nix/store/h5ib2aj90dvsf2qwqxh5l36k96pc5pxj-libXt-1.3.1
  /nix/store/6vxlipwavclykbnznaij3wqg3xh7llwv-libadwaita-1.7.2
  /nix/store/9xd9jsgscvzp0pf5j2zijd4ahkvx66a9-libaio-0.3.113
  /nix/store/mkrpg6qhhcksv26iy9nhpqnf0bp9iykk-libajantv2-17.1.3
  /nix/store/bjf7zh2pmicw96ynkj43114ki2wfxg6a-libao-1.2.2-man
  /nix/store/flwynjybmzhk343mqd80w96fykjf9ghk-libao-1.2.2-man
  /nix/store/bhhc2j1s7zp84fi9gwqwb4f59isgk0cc-libaom-3.11.0-bin
  /nix/store/dkpj4br6wd1h05jcn2yk504f5q87din6-libaom-3.11.0-dev
  /nix/store/fgcfrf9rx1b971ga252ap6r8daq0b21c-libavif-1.2.1
  /nix/store/5dslj9wkpraji3jb3v781ajwzgvsf98q-libayatana-appindicator-0.5.92
  /nix/store/36hfz4jjsdf9nlfxj7s3jg4vx70idd9g-libayatana-indicator-0.9.4
  /nix/store/8w8hyzq9lzdfg8zm61m08gkyc84zmhwl-libbs2b-3.1.0
  /nix/store/5vgml8flm1h9lmy432f5ali4bxnzyrdy-libbsd-0.12.2
  /nix/store/h5rcgra2jkig20yl3hzkk61ln5xpr0nl-libbsd-0.12.2-man
  /nix/store/iizfvrfh3rff8yc16b5lcy2zn8i2dv11-libbsd-0.12.2-man
  /nix/store/qk17xv0f1p5pgfq0zq4q20dqpj8vg040-libcaca-0.99.beta20
  /nix/store/w85xzmkrc4yvr6b8g81ppkja4wad4qvw-libcap-ng-0.8.5
  /nix/store/kyg18iq5km321mq23y6aa16ha5lf87cf-libcddb-1.3.2
  /nix/store/ig0frbxxy235b9incd17zmq62w8pmk0y-libcdio-2.2.0
  /nix/store/p2bbd8hlsibl5dparna412fq9x1q9x22-libcdio-2.2.0
  /nix/store/ds622facp3i01ng9ln12c5c4az1yjlw3-libcdio-2.2.0-lib
  /nix/store/63cjsbwld3a9dcmsxa3a2q80q3ipl9sr-libcdio-2.2.0-man
  /nix/store/82nsf5q9vcb934vy6sic3vghvgvhgswj-libcdio-2.2.0-man
  /nix/store/yp5j9nk7g5wi83fjmjn2fbva9rp9pzp0-libdbusmenu-gtk3-16.04.0
  /nix/store/b2xlp2431ic44fr33mxbbgriw04pvq5n-libdc1394-2.2.7
  /nix/store/69ppxs8bpb3xc9g2vwzd0n2irapvp8b1-libde265-1.0.15
  /nix/store/xfdn9bv9pik2lgvrpn31c522n5pp3izx-libdv-1.0.0
  /nix/store/16v6dndsl3qzwm6q0cxkh4127y2i7wsg-libdvdcss-1.4.3
  /nix/store/x7g02qnh75knryg5091sxhzyvnz47ijv-libdvdnav-6.1.1
  /nix/store/1rf879d6ydriv7m93z7y8p19k178hh68-libdvdread-6.1.3
  /nix/store/nn2kyzjp4rm1yxphb5x336rhwk37vswp-libevdev-1.13.4
  /nix/store/37qn7n4wfm5a7q0qlddclhb1hajfb41a-libexif-0.6.25
  /nix/store/1naqhyk875iqi7izravqhzgaadliqv39-libgcrypt-1.10.3
  /nix/store/bwfi71gx0pwj8wzmmaz7xqdwn8s4y2l4-libgcrypt-1.10.3
  /nix/store/nwmdi20q4y0p5i2nhsf40pp0nqvh75ar-libgcrypt-1.10.3-bin
  /nix/store/maq1p7z8kqdsaikza7c4g92qzf8a2pma-libgnome-keyring-3.12.0
  /nix/store/aajc6hnz0imzwfr2xy7ilnm7w3r8hs6m-libgphoto2-2.5.31
  /nix/store/kqpz8flsbfdcxnih9nqhysc31icih5hy-libieee1284-0.2.11
  /nix/store/3w8gz8vihrb0gffy39flr685agwvaqjw-libjpeg-turbo-3.0.4-bin
  /nix/store/7ccb5knva8p0d0jwc4akfb8v6g15splk-libjpeg-turbo-3.0.4-man
  /nix/store/gqv30738mm5s0mqyw8x8mcc3rh71rjch-libmd-1.1.0
  /nix/store/i704bl4hwbwxgvh73wcrj33mn5ffpxqh-libmodplug-0.8.9.0
  /nix/store/lih6l3rvy7f2j46vx7fg3icl36c1r0sk-libmpc-1.3.1
  /nix/store/wmm8k84iw9dyg7nh8v4ybw03hqyk38vc-libmpeg2-0.5.1
  /nix/store/xv48mgc3sdiq1izbyncbh9rmf58icnqx-libnice-0.1.22
  /nix/store/g2hyjy6k2bj0walyzk4lbv40lhs5292p-libpaper-1.1.29
  /nix/store/a8qwa1wsf4xnvlinm6qwfzk1szk63zfg-libpfm-4.13.0
  /nix/store/9746g1ia2w7jnxlnwzv9zgzb1vp1w1nf-libpng-apng-1.6.46-man
  /nix/store/wsmdd10q0rl6lkjh7y2sby34l99d3ms3-libpng-apng-1.6.46-man
  /nix/store/6rqcqk3rkbpqn8gs046qn99yckn78aa6-libpthread-stubs-0.5
  /nix/store/z718pxk6hbs94q9yg1k8j74qy40libyk-libpthread-stubs-0.5
  /nix/store/fxmr0bw52s1897cvvq3wczpcrxd6ppxi-librsvg-2.60.0
  /nix/store/prv1gxxk6qavzc8rcz7dj2n1hzsmn509-libselinux-3.8.1-bin
  /nix/store/xj169jfrihzd8dv4m818mvsndl3v9sxy-libselinux-3.8.1-bin
  /nix/store/1xbrpg022n2c70fkfli3qn51gkswfsly-libselinux-3.8.1-man
  /nix/store/fwpws5662micmlmg0rfkdlqilx267j2x-libselinux-3.8.1-man
  /nix/store/yhanqk5d7755sjqb8n0ndcal9dfjfhvm-libsepol-3.8.1
  /nix/store/zam03z5q2n7hf0ixlp166wrjb24k1nz7-libsepol-3.8.1
  /nix/store/0ckrz3m01lsqvb51254i6kdrnyfvcwb5-libshout-2.4.6
  /nix/store/2kmwcfxhfkzlihmpacp8k2yq2wibsf9i-libsndfile-1.2.2-bin
  /nix/store/4iiailzkn4jhd895sd136s91k1h2c2wy-libsndfile-1.2.2-bin
  /nix/store/43mp9sriz9mknw2gbzb930ifkppcdspn-libsndfile-1.2.2-man
  /nix/store/qlfr2i3nkjkmz9c39s2ba93j6cnlsab0-libsndfile-1.2.2-man
  /nix/store/m3r1xffyv1lqnzfc2habnnm4wrxy9cqa-libsodium-1.0.20
  /nix/store/2awlnaxazv3k9v3ar67g8smm6sw6wlna-libsrtp-2.7.0
  /nix/store/427d574i56qalk158zavc6pssl3vsig6-libstrangle-unstable-202202022
  /nix/store/inqkcai0bf693rzz8sjk068jyi1j7iiw-libtiff-4.7.0-bin
  /nix/store/zr2igirrfvmsl4xp2402vymw66bip8q3-libtiff-4.7.0-man
  /nix/store/sr7znrka1x7627pfi5d1532iib19cady-liburing-2.9
  /nix/store/xz6554ch2b8m3agly35x60hx53miv9z0-libvmaf-3.0.0-dev
  /nix/store/bwb6pxvl7a1wjp077f7mv80r8zj4r6sl-libxcb-1.17.0-man
  /nix/store/czrvqnx7ymxc9bxlalbp0dk10killcnh-libxcrypt-4.4.38
  /nix/store/i9d4nphrbg3dyf2843x65k2pcmfqk70y-libxml2-2.13.8-bin
  /nix/store/qhp2whk611zial6lrsaw9614435yx23g-libxmlb-0.3.22-lib
  /nix/store/w9s8apjaz8y7rkl6w0kv2sk2grqffzrq-libxslt-1.1.43
  /nix/store/hznflzkb98fsgvf7v5h5yy12x31qfpb7-libxslt-1.1.43-bin
  /nix/store/fy5p76i7r4zphn0qqml3czla97p7g1pr-libyuv-1908
  /nix/store/pf8yybbj376ym1z4yqxxnq1w2qd5bpdw-libzip-1.11.3
  /nix/store/0dgjpawrs1778kd2v181p5lhr956s6za-libzip-1.11.3-man
  /nix/store/8hjflriq9vbzzk7hs9dy0m981pxmks68-libzip-1.11.3-man
  /nix/store/l1a7mx26nwkxa1g1cy781aqg3dciqd3x-linux-headers-6.12.7
  /nix/store/dg881vnhlj0i583ggnhsnplgkz22sdh2-llvm-19.1.7
  /nix/store/92kkzn1gma8yqxy28zwrq5g5bw8jgkid-lrdf-0.6.1
  /nix/store/76pdsyx8kw7pmnqwgwkva72iyka6aa4v-lutris-unwrapped-0.5.19
  /nix/store/1gz0hbax4ypb3lbxj97qbk0zh8q8jgww-mbedtls-2.28.9
  /nix/store/kfzschca127xsn9ngb0dwyxqjz8gg1j1-miniupnpc-2.3.2
  /nix/store/p0inyna9d7nf283jl5lixn5m06v76wgp-mjpegtools-2.2.1-lib
  /nix/store/rn7x685xwycpzbmpab4wcphnrhfmcbp7-mpfr-4.2.2
  /nix/store/g74gg8xkq776wgc8vdpsj3qafzrhw9j7-mpg123-1.32.10-man
  /nix/store/zsvv3iji3dzvr4fb81r36m30qiybm1fz-mpg123-1.32.10-man
  /nix/store/p5g6x49478mzfqy1mvj7b1hvdzsd0cqi-nasm-2.16.03
  /nix/store/lr6h7azs74h80a78sijiljynxx829161-ncompress-5.0
  /nix/store/s4xgab704rqgkl40f0pyl3wbgllas6fy-ncurses-6.5-man
  /nix/store/sb6iqky5lai94k0zz64l6yr37d2l9nql-neon-0.32.5
  /nix/store/nzjyrqj88rjs9wlx7z2ljks4zrcdvfs7-net-snmp-5.9.4
  /nix/store/rndzzv6q3iwsxlxdr75pvx77m9y6awqc-net-snmp-5.9.4-lib
  /nix/store/kvnhpblwbr2gba6argqsxhmcvy3laif3-nspr-4.36
  /nix/store/fl6js72h5lwjjwsg2chcx9gina9br313-nss-3.101.2
  /nix/store/n659ylvpkg1qcdy8msj6yrm1s9chcy99-openal-soft-1.24.2
  /nix/store/4qlx1cn7w8yidcqizq402dv2lkyp40iz-opencl-headers-2024.10.24
  /nix/store/2zy30dzpyv6jr17ms0x5naf09cvdfvp2-opencore-amr-0.1.6
  /nix/store/xrlfv39fs37w619im7b4nw1kakcq3yb8-openexr-3.2.4
  /nix/store/6g790ws1rc8fvihqv0qcnrgrb5fsww4f-openh264-2.6.0
  /nix/store/xpnp76nf51d42izmaxwr86p8jf5mnzrc-openldap-2.6.9
  /nix/store/2dzk65v6arszz06s5c6g1yg2gnb5zpam-openldap-2.6.9-man
  /nix/store/6vg4d4avz6rm7jb216jxv6y3r4c47aha-openldap-2.6.9-man
  /nix/store/gr4qpj1p4w0qlcgz2fsvcqi9dyi7ny12-p11-kit-0.25.5-bin
  /nix/store/z3q19kz3nv8p7ib989ra9k4q885fhjnp-p7zip-17.06
  /nix/store/4w0zj25h4w6b0a7hqrsi0nrypbzqjxnw-p7zip-17.06-lib
  /nix/store/hcdaxkh9q1przk8nb25vi2swwhf7xk59-p7zip-17.06-man
  /nix/store/ds0cs7jqi778c195sn9ib72dmf1bgryv-pango-1.56.3-bin
  /nix/store/ifbr2frwmyf8p0a260hn5vzg3cagww14-pcre-8.45
  /nix/store/390q1clhnm3ssqc03h1q4m0gwh35qzyl-pcre-8.45-bin
  /nix/store/dz7wyfsd3091401krlpmqq21mqblvihh-pcre-8.45-man
  /nix/store/94ym188c3k0cznpajikmdlkr5r66irrl-pkg-config-0.29.2
  /nix/store/2rvy20n2s0l1g2jahjficlpbfq3j3k9m-poppler-data-0.4.12
  /nix/store/7ljgn6l0n65agrf03dlmbmm4q4mia38q-poppler-glib-25.05.0
  /nix/store/7vy0mhrkmy6760hv2xjq0bdqzd0yb082-psmisc-23.7
  /nix/store/6c8bn7r4b3ca9p7if72jcxc8i147yx0q-python3-3.12.10
  /nix/store/i0g30z11viax2v3ynm3p1411c4dhi6w8-python3-3.12.10-env
  /nix/store/xw253kbqk934155fnvvq9581wv40c3r0-python3.12-beautifulsoup4-4.12.3
  /nix/store/51br6lyxqdxk7kavlns759j3bsl2y0d7-python3.12-chardet-5.2.0
  /nix/store/azbbrwb8glahagaqqsaa4akv20903lm3-python3.12-charset-normalizer-3.4.1
  /nix/store/xmvaxz2b0bjm3jk5hjmqpa1xcchdvb1m-python3.12-dbus-python-1.4.0-dev
  /nix/store/7yfhp8zax3d1va7yp819m7qazlb3zbwy-python3.12-dnspython-2.7.0
  /nix/store/gwwf186qzifv1l1ld4pg4x7kkjqizlgy-python3.12-evdev-1.9.2
  /nix/store/n0v27hx3n5sc51z833jbmkgi4sm086qg-python3.12-idna-3.10
  /nix/store/g41zzs5fh97rw2qn6ixbz314b23h902j-python3.12-lxml-5.3.1
  /nix/store/ak32kyxrl9awp1j0kl3vbl5945lfhx2k-python3.12-mako-1.3.9
  /nix/store/pq07az8zll7j12pj7gwl01vwl7n49m9g-python3.12-markdown-3.7
  /nix/store/x7nyn4jv80amafdya2xgm1a07m0hinap-python3.12-markupsafe-3.0.2
  /nix/store/5d19pqjr11gyv3vmnwfng58l6bqi83pr-python3.12-moddb-0.12.0
  /nix/store/5zw4h7r99cbnybl3vljcr7w8qg7q3brn-python3.12-protobuf-6.30.2
  /nix/store/23wsy1a6ad7sjhpas8yhprfjp2wsqvm1-python3.12-pygobject-3.50.0-dev
  /nix/store/943v3cfa10j31nshvmmymq62m3lbygay-python3.12-pypresence-4.3.0
  /nix/store/9mxzs16s6s4xk4d6cm1nis52bdkyhbbz-python3.12-pyrate-limiter-3.7.0
  /nix/store/0lln9m37mw7cjdf02krfpiwd4clwdlwl-python3.12-requests-2.32.3
  /nix/store/3lv0xmcjb2s0d1pi878hbajh7p7sjd9j-python3.12-soupsieve-2.6
  /nix/store/qmf2mhq92ss1jgvpq9sx7v1dbm6qqfr4-python3.12-toolz-1.0.0
  /nix/store/0agm8i84jjndv8q58pkixnr970l3jfd2-qtmultimedia-5.15.16
  /nix/store/7n37nndda2hsryq0clcw4l9jm5hsibi7-qtmultimedia-5.15.16-bin
  /nix/store/3dmzgaqn2yxkc0ygxas63cvzi9sr6s7w-raptor2-2.0.16
  /nix/store/9gs6xpk5i492g14y5cxpdnp3zhkvyz2k-readline-8.2p13-man
  /nix/store/mihda0valkyzzmsjal5s9c09n1synhvb-readline-8.2p13-man
  /nix/store/0yh3mkc84xyqp1mh7lvl3zwa6hkjw1ic-rtmpdump-2.6
  /nix/store/ixm4imrmgrz15cr21bdgdfcj9dizb43d-samba-4.20.4
  /nix/store/6m88dn7rc25a3y5ypiqk7v7b1i6hj3qb-samba-4.20.4-man
  /nix/store/ygny1g99y2s1wk194a0ln9civyf172v8-samba-4.20.4-man
  /nix/store/awhr3w9cp4csjzm8z1ci4kl2r6sqf54g-sane-backends-1.3.1
  /nix/store/2hc26zz7qm9hkmp5m9ncaqsqyf0gympq-sane-backends-1.3.1-man
  /nix/store/9f5w497kz5cz1h2s54z9ad0p0wib6crr-sane-backends-1.3.1-man
  /nix/store/fg02g0b0xaap8l898f5ayfhadsgkzy03-sdl2-compat-2.32.56
  /nix/store/3ybmgdagsywxazrijmq9jl9dccb6k8qj-sdl3-3.2.12-lib
  /nix/store/lwqi2w0xzbh9warh5cfy7gp47mqlbg22-sfml-3.0.0
  /nix/store/fy3mixfvrp9hb8dpk6m8b0666q0s3pff-shadow-4.17.4
  /nix/store/zba8pqhfgqj32dsnh6by5021g90ayla1-soundtouch-2.3.3
  /nix/store/cffa0f9j9izhylh4m2ad3znqp8pm4wcf-spandsp-0.0.6
  /nix/store/lvp20pc217l6npyp3i05gmklx9l6819c-sqlite-3.48.0-bin
  /nix/store/xfbmmpfi596dbgiagf0b54zw4nlr0lnz-sqlite-3.48.0-man
  /nix/store/xrjy0a756pb41qq9a38lqvy2m7jd78p5-sqlite-3.48.0-man
  /nix/store/41wk1h52k7ik4fm19ig26f4qdlnp8faz-taglib-2.0.2
  /nix/store/s8h8dvk8g246039wa53mf18s1lz198rw-talloc-2.4.3
  /nix/store/3ph8ryjz3kylr21pgy8dssa7wwk9xdvx-tcb-1.2
  /nix/store/bj3ka41kizxlqy669kxcjafqv18baj83-tdb-1.4.13
  /nix/store/yzbzj44y6g8naswynrp6ks48bkj971d1-tevent-0.16.2
  /nix/store/ijchbyrw28ygc9ppya43bvaj1c5v5fmh-twolame-2017-09-27
  /nix/store/qwyamxv061qwfrgn3d5lcxirpzly8pjn-unixODBC-2.3.12
  /nix/store/i0nxwj9inj9w5im8r8ckcsy4y07xxdk3-unzip-6.0
  /nix/store/xfpylmb1zzvajjl38dmdcpnch7fj9d2q-util-linux-2.41
  /nix/store/z19ndr5slqax74dsancynd0mbxv15lgs-util-linux-2.41
  /nix/store/iixw2fhdfxnlbgnrpbvmpmn7zsr85f2p-util-linux-2.41-bin
  /nix/store/pzh1nmnxfpq6b7jrbg1brxgzlb1wm7xc-util-linux-2.41-lib
  /nix/store/sr0fkg1fia0czxk9599ypg20vyv9nss9-util-linux-2.41-login
  /nix/store/za6pq24dsk7k7j542gc38s8q2j1jd5y4-util-linux-2.41-man
  /nix/store/g9v6y45g98dd9n8f6pwn6fxjyh0k1hm6-util-linux-2.41-mount
  /nix/store/9803ws0143vzbjlsdskscavzdz4pkq49-util-linux-2.41-swap
  /nix/store/h9qkfzy8i2fa66ykkc1b8shais6ph7rk-vo-aacenc-0.1.3
  /nix/store/7fdj5ngj6z5f2kfp62mz20jqnpjzk5vs-vulkan-headers-1.4.313.0
  /nix/store/n61l22fwhcm5ysf317sk0vpzgyfb4wi4-wavpack-5.8.1-man
  /nix/store/lcar1d0bi9wilnxsb47zxmczqnc3s7lg-wayland-1.23.1-man
  /nix/store/dmfd7z89vqay0d0b1hy1msjaaq0q591s-wildmidi-0.4.6
  /nix/store/xmrgcrpsqxznzwnilhks8jhacr35jgnk-wildmidi.cfg
  /nix/store/ix1kyv30cjz772qz54yii54mzlx4cwwx-xgamma-1.0.7
  /nix/store/a82m81h42165gzd0xgps4shxzd64s6xv-zenity-4.1.90
  /nix/store/gnnq88zzxpxn2an4fq9d9ci2w6agpb3a-zip-3.0
  /nix/store/ly8vrf6h9dxzq74gl9xjp7121mnjrwsc-zip-3.0
  /nix/store/dq1cxir05q47xvyb1558x4469dv0sxqz-zxing-cpp-2.3.0
  /nix/store/mjl6kqmq1v142abdkny5bkp1kp2l9fz3-zziplib-0.13.78
  /nix/store/xhjacbqz9mv7ii2z4fyhazkzwiw3i66x-zziplib-0.13.78
copying path '/nix/store/jfggbbfcidzi7i53diakp24xix6gifws-gcc-14.2.1.20250322-libgcc' from 'https://cache.nixos.org'...
copying path '/nix/store/7vy0mhrkmy6760hv2xjq0bdqzd0yb082-psmisc-23.7' from 'https://cache.nixos.org'...
copying path '/nix/store/51br6lyxqdxk7kavlns759j3bsl2y0d7-python3.12-chardet-5.2.0' from 'https://cache.nixos.org'...
copying path '/nix/store/azbbrwb8glahagaqqsaa4akv20903lm3-python3.12-charset-normalizer-3.4.1' from 'https://cache.nixos.org'...
copying path '/nix/store/xmvaxz2b0bjm3jk5hjmqpa1xcchdvb1m-python3.12-dbus-python-1.4.0-dev' from 'https://cache.nixos.org'...
copying path '/nix/store/gwwf186qzifv1l1ld4pg4x7kkjqizlgy-python3.12-evdev-1.9.2' from 'https://cache.nixos.org'...
copying path '/nix/store/n0v27hx3n5sc51z833jbmkgi4sm086qg-python3.12-idna-3.10' from 'https://cache.nixos.org'...
copying path '/nix/store/g41zzs5fh97rw2qn6ixbz314b23h902j-python3.12-lxml-5.3.1' from 'https://cache.nixos.org'...
copying path '/nix/store/5zw4h7r99cbnybl3vljcr7w8qg7q3brn-python3.12-protobuf-6.30.2' from 'https://cache.nixos.org'...
copying path '/nix/store/943v3cfa10j31nshvmmymq62m3lbygay-python3.12-pypresence-4.3.0' from 'https://cache.nixos.org'...
copying path '/nix/store/9mxzs16s6s4xk4d6cm1nis52bdkyhbbz-python3.12-pyrate-limiter-3.7.0' from 'https://cache.nixos.org'...
copying path '/nix/store/3lv0xmcjb2s0d1pi878hbajh7p7sjd9j-python3.12-soupsieve-2.6' from 'https://cache.nixos.org'...
copying path '/nix/store/qmf2mhq92ss1jgvpq9sx7v1dbm6qqfr4-python3.12-toolz-1.0.0' from 'https://cache.nixos.org'...
copying path '/nix/store/ix1kyv30cjz772qz54yii54mzlx4cwwx-xgamma-1.0.7' from 'https://cache.nixos.org'...
building '/nix/store/xdixbaqj45s11fd6kn83l6c4d8ij9ap1-lutris-0.5.19-init.drv'...
copying path '/nix/store/19vz6pj86lblarzcvh9qrb6z6i80bmkb-Fluid-3' from 'https://cache.nixos.org'...
copying path '/nix/store/l61igd6jbpg18v60ziyjnqgqnnjmc7jf-bash-interactive-5.2p37-man' from 'https://cache.nixos.org'...
building '/nix/store/lcbamysbqsalqhz7bzdia2gmkxkc1vkh-lutris-0.5.19-fhsenv-profile.drv'...
building '/nix/store/qhdfhl6i8scjjxnd5kjj8cr06bmizid5-steam-fhsenv-rootfs.drv'...
copying path '/nix/store/ala8vpz492in43c8farjcgi9nxrgv3n2-SDL_compat-1.2.68' from 'https://cache.nixos.org'...
copying path '/nix/store/sjv5fl9x87gmwagc6b7a3pxia36hd2hi-a52dec-0.8.0' from 'https://cache.nixos.org'...
copying path '/nix/store/s67p42075zawv3yxccyqxnsklvs4a700-aalib-1.4rc5' from 'https://cache.nixos.org'...
copying path '/nix/store/7ffbarcdr06rldadfqn8f547bs0vss63-allegro-4.4.3.1' from 'https://cache.nixos.org'...
copying path '/nix/store/i3n1ix2xiglxqyq0fx8fvimv5i9y0iqp-ayatana-ido-0.10.4' from 'https://cache.nixos.org'...
copying path '/nix/store/fqyirwm93ci4mlj0n48wczzxz1f18npp-binutils-2.44-lib' from 'https://cache.nixos.org'...
copying path '/nix/store/v6qlpplk8vcxg57ik3ar5ns1yijj43wx-chromaprint-1.5.1' from 'https://cache.nixos.org'...
copying path '/nix/store/8p41zasarin5yrixmc9742185j7fviw8-cabextract-1.11' from 'https://cache.nixos.org'...
copying path '/nix/store/xq60d4iyhc1fn00iq6jc4ihg65lbd67w-curl-8.13.0-man' from 'https://cache.nixos.org'...
copying path '/nix/store/sdj0w1ls77ckpx0d5h0ajcgsms12bng8-cups-2.4.11-man' from 'https://cache.nixos.org'...
copying path '/nix/store/lqiahvdhmkxjjm4h7b5489lw41z37rxk-dbus-1.14.10-man' from 'https://cache.nixos.org'...
copying path '/nix/store/0b4qn9mdgggicr6qizb5hn5gcvadyy2b-cyrus-sasl-2.1.28' from 'https://cache.nixos.org'...
copying path '/nix/store/gvc914qwcdabs0854lqp91pmkwa40ddj-dav1d-1.5.1-dev' from 'https://cache.nixos.org'...
copying path '/nix/store/0brpplsmi8d9ax6k2cfxb6q3nilm8h9c-cabextract-1.11' from 'https://cache.nixos.org'...
copying path '/nix/store/77z8w3xjiggz8fqprywbh4vkp8kgjs3h-dumb-2.0.3' from 'https://cache.nixos.org'...
structuredAttrs is enabled
copying path '/nix/store/kp286yl1qrymsz781dxaxnfm2d9psgrc-expand-response-params' from 'https://cache.nixos.org'...
copying path '/nix/store/m51yg5wgfm1d5sih454ys25fa7q55gps-faad2-2.11.2' from 'https://cache.nixos.org'...
copying path '/nix/store/i7jl9x88nad04ywbjw4pvdizq3gmf35b-ffmpeg-6.1.2' from 'https://cache.nixos.org'...
copying path '/nix/store/m9ij0b8r1apx8qc3d9xhdc207abp21mz-ffmpeg-6.1.2-bin' from 'https://cache.nixos.org'...
copying path '/nix/store/271z7skr6jxhmywrmdj3bq3fci60v970-ffmpeg-6.1.2-man' from 'https://cache.nixos.org'...
copying path '/nix/store/b33cn8245iril6k6vpqmg6mbv930q83l-flite-2.2-lib' from 'https://cache.nixos.org'...
copying path '/nix/store/f08il56gi04wcl91l9zwh3hv7cgqanv2-fluidsynth-2.4.4' from 'https://cache.nixos.org'...
copying path '/nix/store/fcydp53bpxyrxwm64zpnz20fccpx7j6v-fluidsynth-2.4.4-man' from 'https://cache.nixos.org'...
copying path '/nix/store/d74avwv9kvjyh72d0zdsiffj3xf1985p-freepats-20060219' from 'https://cache.nixos.org'...
copying path '/nix/store/7iv8mkb2qcw1i9sc902d1nzhiy0kaw32-game-music-emu-0.6.3' from 'https://cache.nixos.org'...
copying path '/nix/store/4h2hwl6gf5b8dwk379b55270cbdakrrn-gcc-14.2.1.20250322-lib' from 'https://cache.nixos.org'...
copying path '/nix/store/j0s1v4rarkdlb2xvc62lxdhrkwgzgsxk-gcc-14.2.1.20250322-man' from 'https://cache.nixos.org'...
copying path '/nix/store/y0cm45kcs4rnf0y5ys9066l1rn7p3b0i-gcc-14.2.1.20250322-man' from 'https://cache.nixos.org'...
copying path '/nix/store/jj6s6ypmww4f9y0krk62iyd0r9nfsj7c-SDL_net-1.2.8-unstable-2025-04-21' from 'https://cache.nixos.org'...
copying path '/nix/store/78zjkz1qmglji0qxlc0w48k9lw9nrswm-SDL_sound-1.0.3' from 'https://cache.nixos.org'...
copying path '/nix/store/q64rrpvkm6wagkv1gppnn5mqkphk0ah8-agg-2.5' from 'https://cache.nixos.org'...
copying path '/nix/store/6cb7zpnr3af13q8g2p7hvr4rxad8r3jz-binutils-2.44' from 'https://cache.nixos.org'...
copying path '/nix/store/yfrbisz8a4f57qxr8aljjgf3iqrfjrs0-gettext-0.22.5-man' from 'https://cache.nixos.org'...
copying path '/nix/store/8z7gr9rs159hp1w7y6b721wipfa3npkl-glew-2.2.0-bin' from 'https://cache.nixos.org'...
copying path '/nix/store/984dh12478nrzdla3npm8vx2ipqzm6w4-gmp-6.3.0' from 'https://cache.nixos.org'...
copying path '/nix/store/6qfhlp3mivhqh6dhp63a9dh7an6bxfr7-gnutls-3.8.9-bin' from 'https://cache.nixos.org'...
copying path '/nix/store/x1y13g9mpwm96ylx30vfa3cr0whfij7y-gnutls-3.8.9-bin' from 'https://cache.nixos.org'...
copying path '/nix/store/6wi81hz108rnyacyx70v2y760kqq4cnk-gnutls-3.8.9-man' from 'https://cache.nixos.org'...
copying path '/nix/store/bjaljjj1vqrywaz3211pf6g325ri8rrb-gnutls-3.8.9-man' from 'https://cache.nixos.org'...
copying path '/nix/store/i8wv5sfr53mw95gs119dclzgkdgsb8f9-gsm-1.0.22' from 'https://cache.nixos.org'...
copying path '/nix/store/rkzzjmz71cssa98vy230jnlyycb6jhi1-gssdp-1.6.3' from 'https://cache.nixos.org'...
copying path '/nix/store/qhv7fvf91gd9m503wns8ibdb1i7nszsj-gcc-wrapper-14.2.1.20250322-man' from 'https://cache.nixos.org'...
copying path '/nix/store/kbykzp8wk3anb8ym760yf5m28nqz2k9n-gcc-wrapper-14.2.1.20250322-man' from 'https://cache.nixos.org'...
copying path '/nix/store/pawb9850b9pavfvx3av2d9444a36scm1-gst-libav-1.26.0' from 'https://cache.nixos.org'...
copying path '/nix/store/b730r7pnl7lvz02n7iqn9dz45a2jxcfx-gstreamer-1.26.0-bin' from 'https://cache.nixos.org'...
copying path '/nix/store/3k0qpfgkwy23mb96wi8snw97fqps1kx3-gtk+-2.24.33' from 'https://cache.nixos.org'...
copying path '/nix/store/k4vbakbamzxmqpa265r2zaisdn20rxxx-gtksourceview-3.24.11' from 'https://cache.nixos.org'...
copying path '/nix/store/lp4pzb84vbxnvjmxc1b3si74b313qqnd-imath-3.1.12' from 'https://cache.nixos.org'...
copying path '/nix/store/k0zwhd2hn0im0807hj66ww45m4nbn7jb-gupnp-1.6.8' from 'https://cache.nixos.org'...
copying path '/nix/store/1nfpmh4xn8jmc9sp2cvwwl2r3gn8dvk9-keyutils-1.6.3' from 'https://cache.nixos.org'...
copying path '/nix/store/px2x43r61hhfw0vcsh06043k6kvzg2dw-keyutils-1.6.3' from 'https://cache.nixos.org'...
copying path '/nix/store/jksz97vyjx3ib0sz0qy7l27qz2wj8018-keyutils-1.6.3-man' from 'https://cache.nixos.org'...
copying path '/nix/store/y2cv8fszm2ixxrhpl4g1d9rknq8pr0kz-isl-0.20' from 'https://cache.nixos.org'...
copying path '/nix/store/ksmzy2vj2xz64z08bkrfdqslana7sa4c-keyutils-1.6.3-man' from 'https://cache.nixos.org'...
copying path '/nix/store/b4l9qfbjwvcc51q7s3c7w7m8kav4is7y-krb5-1.21.3' from 'https://cache.nixos.org'...
copying path '/nix/store/gqmi1dvlgs45fhm52lnpz3swz8saxjly-lcevcdec-3.3.5-lib' from 'https://cache.nixos.org'...
copying path '/nix/store/ibh3a883wnwswwrhdspvn6drb4snsapz-lcms2-2.17-bin' from 'https://cache.nixos.org'...
copying path '/nix/store/nkxps6qd84wja948mcyd09h505iwi6q2-libICE-1.1.2' from 'https://cache.nixos.org'...
copying path '/nix/store/nl29hc71s5xmzwlxbrxkb7ww1zakdh0v-libX11-1.8.12-man' from 'https://cache.nixos.org'...
copying path '/nix/store/1np7x92jwpzmkcssihd1wqycaivzg4x0-libXScrnSaver-1.2.4' from 'https://cache.nixos.org'...
copying path '/nix/store/179a7fz752mcvnj692flp8x6blfyiq4a-libXext-1.3.6-man' from 'https://cache.nixos.org'...
copying path '/nix/store/0yqgvxd36w4nkawmc6apzh0l7lj92xlj-libXi-1.8.2-man' from 'https://cache.nixos.org'...
copying path '/nix/store/9xd9jsgscvzp0pf5j2zijd4ahkvx66a9-libaio-0.3.113' from 'https://cache.nixos.org'...
copying path '/nix/store/dv3d8aqlwshj1khq1yi5ra815f5rqjxs-gupnp-igd-1.6.0' from 'https://cache.nixos.org'...
copying path '/nix/store/mkrpg6qhhcksv26iy9nhpqnf0bp9iykk-libajantv2-17.1.3' from 'https://cache.nixos.org'...
copying path '/nix/store/bjf7zh2pmicw96ynkj43114ki2wfxg6a-libao-1.2.2-man' from 'https://cache.nixos.org'...
copying path '/nix/store/wicm7ps3432xi2slpd4wfpqql7ld0zgv-libSM-1.2.5' from 'https://cache.nixos.org'...
copying path '/nix/store/flwynjybmzhk343mqd80w96fykjf9ghk-libao-1.2.2-man' from 'https://cache.nixos.org'...
copying path '/nix/store/bhhc2j1s7zp84fi9gwqwb4f59isgk0cc-libaom-3.11.0-bin' from 'https://cache.nixos.org'...
copying path '/nix/store/36hfz4jjsdf9nlfxj7s3jg4vx70idd9g-libayatana-indicator-0.9.4' from 'https://cache.nixos.org'...
copying path '/nix/store/8w8hyzq9lzdfg8zm61m08gkyc84zmhwl-libbs2b-3.1.0' from 'https://cache.nixos.org'...
copying path '/nix/store/h5rcgra2jkig20yl3hzkk61ln5xpr0nl-libbsd-0.12.2-man' from 'https://cache.nixos.org'...
copying path '/nix/store/iizfvrfh3rff8yc16b5lcy2zn8i2dv11-libbsd-0.12.2-man' from 'https://cache.nixos.org'...
copying path '/nix/store/qk17xv0f1p5pgfq0zq4q20dqpj8vg040-libcaca-0.99.beta20' from 'https://cache.nixos.org'...
copying path '/nix/store/w85xzmkrc4yvr6b8g81ppkja4wad4qvw-libcap-ng-0.8.5' from 'https://cache.nixos.org'...
copying path '/nix/store/kyg18iq5km321mq23y6aa16ha5lf87cf-libcddb-1.3.2' from 'https://cache.nixos.org'...
copying path '/nix/store/ig0frbxxy235b9incd17zmq62w8pmk0y-libcdio-2.2.0' from 'https://cache.nixos.org'...
copying path '/nix/store/ds622facp3i01ng9ln12c5c4az1yjlw3-libcdio-2.2.0-lib' from 'https://cache.nixos.org'...
copying path '/nix/store/h5ib2aj90dvsf2qwqxh5l36k96pc5pxj-libXt-1.3.1' from 'https://cache.nixos.org'...
copying path '/nix/store/63cjsbwld3a9dcmsxa3a2q80q3ipl9sr-libcdio-2.2.0-man' from 'https://cache.nixos.org'...
copying path '/nix/store/82nsf5q9vcb934vy6sic3vghvgvhgswj-libcdio-2.2.0-man' from 'https://cache.nixos.org'...
copying path '/nix/store/yp5j9nk7g5wi83fjmjn2fbva9rp9pzp0-libdbusmenu-gtk3-16.04.0' from 'https://cache.nixos.org'...
copying path '/nix/store/b2xlp2431ic44fr33mxbbgriw04pvq5n-libdc1394-2.2.7' from 'https://cache.nixos.org'...
copying path '/nix/store/69ppxs8bpb3xc9g2vwzd0n2irapvp8b1-libde265-1.0.15' from 'https://cache.nixos.org'...
copying path '/nix/store/xfdn9bv9pik2lgvrpn31c522n5pp3izx-libdv-1.0.0' from 'https://cache.nixos.org'...
copying path '/nix/store/16v6dndsl3qzwm6q0cxkh4127y2i7wsg-libdvdcss-1.4.3' from 'https://cache.nixos.org'...
copying path '/nix/store/nn2kyzjp4rm1yxphb5x336rhwk37vswp-libevdev-1.13.4' from 'https://cache.nixos.org'...
copying path '/nix/store/37qn7n4wfm5a7q0qlddclhb1hajfb41a-libexif-0.6.25' from 'https://cache.nixos.org'...
copying path '/nix/store/1naqhyk875iqi7izravqhzgaadliqv39-libgcrypt-1.10.3' from 'https://cache.nixos.org'...
copying path '/nix/store/bwfi71gx0pwj8wzmmaz7xqdwn8s4y2l4-libgcrypt-1.10.3' from 'https://cache.nixos.org'...
copying path '/nix/store/nwmdi20q4y0p5i2nhsf40pp0nqvh75ar-libgcrypt-1.10.3-bin' from 'https://cache.nixos.org'...
copying path '/nix/store/maq1p7z8kqdsaikza7c4g92qzf8a2pma-libgnome-keyring-3.12.0' from 'https://cache.nixos.org'...
copying path '/nix/store/kqpz8flsbfdcxnih9nqhysc31icih5hy-libieee1284-0.2.11' from 'https://cache.nixos.org'...
copying path '/nix/store/3w8gz8vihrb0gffy39flr685agwvaqjw-libjpeg-turbo-3.0.4-bin' from 'https://cache.nixos.org'...
copying path '/nix/store/p2bbd8hlsibl5dparna412fq9x1q9x22-libcdio-2.2.0' from 'https://cache.nixos.org'...
copying path '/nix/store/1rf879d6ydriv7m93z7y8p19k178hh68-libdvdread-6.1.3' from 'https://cache.nixos.org'...
copying path '/nix/store/7ccb5knva8p0d0jwc4akfb8v6g15splk-libjpeg-turbo-3.0.4-man' from 'https://cache.nixos.org'...
copying path '/nix/store/4l48gr35h4yyk13i78wq3c8ff3rj5jhq-libXmu-1.2.1' from 'https://cache.nixos.org'...
copying path '/nix/store/gqv30738mm5s0mqyw8x8mcc3rh71rjch-libmd-1.1.0' from 'https://cache.nixos.org'...
copying path '/nix/store/i704bl4hwbwxgvh73wcrj33mn5ffpxqh-libmodplug-0.8.9.0' from 'https://cache.nixos.org'...
copying path '/nix/store/wmm8k84iw9dyg7nh8v4ybw03hqyk38vc-libmpeg2-0.5.1' from 'https://cache.nixos.org'...
copying path '/nix/store/5dslj9wkpraji3jb3v781ajwzgvsf98q-libayatana-appindicator-0.5.92' from 'https://cache.nixos.org'...
copying path '/nix/store/xv48mgc3sdiq1izbyncbh9rmf58icnqx-libnice-0.1.22' from 'https://cache.nixos.org'...
copying path '/nix/store/g2hyjy6k2bj0walyzk4lbv40lhs5292p-libpaper-1.1.29' from 'https://cache.nixos.org'...
copying path '/nix/store/a8qwa1wsf4xnvlinm6qwfzk1szk63zfg-libpfm-4.13.0' from 'https://cache.nixos.org'...
copying path '/nix/store/9746g1ia2w7jnxlnwzv9zgzb1vp1w1nf-libpng-apng-1.6.46-man' from 'https://cache.nixos.org'...
copying path '/nix/store/wsmdd10q0rl6lkjh7y2sby34l99d3ms3-libpng-apng-1.6.46-man' from 'https://cache.nixos.org'...
copying path '/nix/store/6rqcqk3rkbpqn8gs046qn99yckn78aa6-libpthread-stubs-0.5' from 'https://cache.nixos.org'...
copying path '/nix/store/z718pxk6hbs94q9yg1k8j74qy40libyk-libpthread-stubs-0.5' from 'https://cache.nixos.org'...
copying path '/nix/store/fxmr0bw52s1897cvvq3wczpcrxd6ppxi-librsvg-2.60.0' from 'https://cache.nixos.org'...
copying path '/nix/store/5vgml8flm1h9lmy432f5ali4bxnzyrdy-libbsd-0.12.2' from 'https://cache.nixos.org'...
copying path '/nix/store/1xbrpg022n2c70fkfli3qn51gkswfsly-libselinux-3.8.1-man' from 'https://cache.nixos.org'...
copying path '/nix/store/fwpws5662micmlmg0rfkdlqilx267j2x-libselinux-3.8.1-man' from 'https://cache.nixos.org'...
copying path '/nix/store/yhanqk5d7755sjqb8n0ndcal9dfjfhvm-libsepol-3.8.1' from 'https://cache.nixos.org'...
copying path '/nix/store/h4jqg4s12pg4j8c2mhyav2ib03ghd074-cups-2.4.11' from 'https://cache.nixos.org'...
copying path '/nix/store/x7g02qnh75knryg5091sxhzyvnz47ijv-libdvdnav-6.1.1' from 'https://cache.nixos.org'...
copying path '/nix/store/zam03z5q2n7hf0ixlp166wrjb24k1nz7-libsepol-3.8.1' from 'https://cache.nixos.org'...
copying path '/nix/store/0ckrz3m01lsqvb51254i6kdrnyfvcwb5-libshout-2.4.6' from 'https://cache.nixos.org'...
copying path '/nix/store/3dpywhxjy59vv8ahcxg1bfvn1hgvkn9a-gst-plugins-ugly-1.26.0' from 'https://cache.nixos.org'...
copying path '/nix/store/2kmwcfxhfkzlihmpacp8k2yq2wibsf9i-libsndfile-1.2.2-bin' from 'https://cache.nixos.org'...
copying path '/nix/store/4iiailzkn4jhd895sd136s91k1h2c2wy-libsndfile-1.2.2-bin' from 'https://cache.nixos.org'...
copying path '/nix/store/43mp9sriz9mknw2gbzb930ifkppcdspn-libsndfile-1.2.2-man' from 'https://cache.nixos.org'...
copying path '/nix/store/qlfr2i3nkjkmz9c39s2ba93j6cnlsab0-libsndfile-1.2.2-man' from 'https://cache.nixos.org'...
copying path '/nix/store/m3r1xffyv1lqnzfc2habnnm4wrxy9cqa-libsodium-1.0.20' from 'https://cache.nixos.org'...
copying path '/nix/store/2awlnaxazv3k9v3ar67g8smm6sw6wlna-libsrtp-2.7.0' from 'https://cache.nixos.org'...
copying path '/nix/store/427d574i56qalk158zavc6pssl3vsig6-libstrangle-unstable-202202022' from 'https://cache.nixos.org'...
copying path '/nix/store/inqkcai0bf693rzz8sjk068jyi1j7iiw-libtiff-4.7.0-bin' from 'https://cache.nixos.org'...
copying path '/nix/store/zr2igirrfvmsl4xp2402vymw66bip8q3-libtiff-4.7.0-man' from 'https://cache.nixos.org'...
copying path '/nix/store/sr7znrka1x7627pfi5d1532iib19cady-liburing-2.9' from 'https://cache.nixos.org'...
copying path '/nix/store/xz6554ch2b8m3agly35x60hx53miv9z0-libvmaf-3.0.0-dev' from 'https://cache.nixos.org'...
copying path '/nix/store/bwb6pxvl7a1wjp077f7mv80r8zj4r6sl-libxcb-1.17.0-man' from 'https://cache.nixos.org'...
copying path '/nix/store/xj169jfrihzd8dv4m818mvsndl3v9sxy-libselinux-3.8.1-bin' from 'https://cache.nixos.org'...
copying path '/nix/store/czrvqnx7ymxc9bxlalbp0dk10killcnh-libxcrypt-4.4.38' from 'https://cache.nixos.org'...
copying path '/nix/store/i9d4nphrbg3dyf2843x65k2pcmfqk70y-libxml2-2.13.8-bin' from 'https://cache.nixos.org'...
copying path '/nix/store/qhp2whk611zial6lrsaw9614435yx23g-libxmlb-0.3.22-lib' from 'https://cache.nixos.org'...
copying path '/nix/store/w9s8apjaz8y7rkl6w0kv2sk2grqffzrq-libxslt-1.1.43' from 'https://cache.nixos.org'...
copying path '/nix/store/fy5p76i7r4zphn0qqml3czla97p7g1pr-libyuv-1908' from 'https://cache.nixos.org'...
copying path '/nix/store/pf8yybbj376ym1z4yqxxnq1w2qd5bpdw-libzip-1.11.3' from 'https://cache.nixos.org'...
copying path '/nix/store/0dgjpawrs1778kd2v181p5lhr956s6za-libzip-1.11.3-man' from 'https://cache.nixos.org'...
copying path '/nix/store/dkpj4br6wd1h05jcn2yk504f5q87din6-libaom-3.11.0-dev' from 'https://cache.nixos.org'...
copying path '/nix/store/8hjflriq9vbzzk7hs9dy0m981pxmks68-libzip-1.11.3-man' from 'https://cache.nixos.org'...
copying path '/nix/store/l1a7mx26nwkxa1g1cy781aqg3dciqd3x-linux-headers-6.12.7' from 'https://cache.nixos.org'...
copying path '/nix/store/dg881vnhlj0i583ggnhsnplgkz22sdh2-llvm-19.1.7' from 'https://cache.nixos.org'...
copying path '/nix/store/1gz0hbax4ypb3lbxj97qbk0zh8q8jgww-mbedtls-2.28.9' from 'https://cache.nixos.org'...
copying path '/nix/store/kfzschca127xsn9ngb0dwyxqjz8gg1j1-miniupnpc-2.3.2' from 'https://cache.nixos.org'...
copying path '/nix/store/prv1gxxk6qavzc8rcz7dj2n1hzsmn509-libselinux-3.8.1-bin' from 'https://cache.nixos.org'...
copying path '/nix/store/p0inyna9d7nf283jl5lixn5m06v76wgp-mjpegtools-2.2.1-lib' from 'https://cache.nixos.org'...
copying path '/nix/store/rn7x685xwycpzbmpab4wcphnrhfmcbp7-mpfr-4.2.2' from 'https://cache.nixos.org'...
copying path '/nix/store/g74gg8xkq776wgc8vdpsj3qafzrhw9j7-mpg123-1.32.10-man' from 'https://cache.nixos.org'...
copying path '/nix/store/zsvv3iji3dzvr4fb81r36m30qiybm1fz-mpg123-1.32.10-man' from 'https://cache.nixos.org'...
copying path '/nix/store/9zrqj1s1657pwj5zyghw958s7ykxbyaq-appstream-1.0.4' from 'https://cache.nixos.org'...
copying path '/nix/store/p5g6x49478mzfqy1mvj7b1hvdzsd0cqi-nasm-2.16.03' from 'https://cache.nixos.org'...
copying path '/nix/store/lr6h7azs74h80a78sijiljynxx829161-ncompress-5.0' from 'https://cache.nixos.org'...
copying path '/nix/store/hznflzkb98fsgvf7v5h5yy12x31qfpb7-libxslt-1.1.43-bin' from 'https://cache.nixos.org'...
copying path '/nix/store/fgcfrf9rx1b971ga252ap6r8daq0b21c-libavif-1.2.1' from 'https://cache.nixos.org'...
copying path '/nix/store/s4xgab704rqgkl40f0pyl3wbgllas6fy-ncurses-6.5-man' from 'https://cache.nixos.org'...
copying path '/nix/store/sb6iqky5lai94k0zz64l6yr37d2l9nql-neon-0.32.5' from 'https://cache.nixos.org'...
copying path '/nix/store/nzjyrqj88rjs9wlx7z2ljks4zrcdvfs7-net-snmp-5.9.4' from 'https://cache.nixos.org'...
copying path '/nix/store/kvnhpblwbr2gba6argqsxhmcvy3laif3-nspr-4.36' from 'https://cache.nixos.org'...
copying path '/nix/store/n659ylvpkg1qcdy8msj6yrm1s9chcy99-openal-soft-1.24.2' from 'https://cache.nixos.org'...
copying path '/nix/store/franwb98lvrcjdwbhwc7z4j3sviafcfh-libXpm-3.5.17' from 'https://cache.nixos.org'...
copying path '/nix/store/4qlx1cn7w8yidcqizq402dv2lkyp40iz-opencl-headers-2024.10.24' from 'https://cache.nixos.org'...
copying path '/nix/store/2zy30dzpyv6jr17ms0x5naf09cvdfvp2-opencore-amr-0.1.6' from 'https://cache.nixos.org'...
copying path '/nix/store/lffjrw0hnsg57nny57w0bpciid3amk9y-glibc-2.40-66-dev' from 'https://cache.nixos.org'...
copying path '/nix/store/lih6l3rvy7f2j46vx7fg3icl36c1r0sk-libmpc-1.3.1' from 'https://cache.nixos.org'...
copying path '/nix/store/xrlfv39fs37w619im7b4nw1kakcq3yb8-openexr-3.2.4' from 'https://cache.nixos.org'...
copying path '/nix/store/6g790ws1rc8fvihqv0qcnrgrb5fsww4f-openh264-2.6.0' from 'https://cache.nixos.org'...
copying path '/nix/store/xpnp76nf51d42izmaxwr86p8jf5mnzrc-openldap-2.6.9' from 'https://cache.nixos.org'...
copying path '/nix/store/z4fy8j1j3l4a8z5l9j6mqk5dz8ccpjpl-libXaw-1.0.16' from 'https://cache.nixos.org'...
copying path '/nix/store/2dzk65v6arszz06s5c6g1yg2gnb5zpam-openldap-2.6.9-man' from 'https://cache.nixos.org'...
copying path '/nix/store/6vg4d4avz6rm7jb216jxv6y3r4c47aha-openldap-2.6.9-man' from 'https://cache.nixos.org'...
copying path '/nix/store/rcrf825kfc9bwn9yxgjhmg4658yncq3h-gd-2.3.3' from 'https://cache.nixos.org'...
copying path '/nix/store/gr4qpj1p4w0qlcgz2fsvcqi9dyi7ny12-p11-kit-0.25.5-bin' from 'https://cache.nixos.org'...
copying path '/nix/store/4w0zj25h4w6b0a7hqrsi0nrypbzqjxnw-p7zip-17.06-lib' from 'https://cache.nixos.org'...
copying path '/nix/store/fl6js72h5lwjjwsg2chcx9gina9br313-nss-3.101.2' from 'https://cache.nixos.org'...
copying path '/nix/store/rndzzv6q3iwsxlxdr75pvx77m9y6awqc-net-snmp-5.9.4-lib' from 'https://cache.nixos.org'...
copying path '/nix/store/hcdaxkh9q1przk8nb25vi2swwhf7xk59-p7zip-17.06-man' from 'https://cache.nixos.org'...
copying path '/nix/store/ds0cs7jqi778c195sn9ib72dmf1bgryv-pango-1.56.3-bin' from 'https://cache.nixos.org'...
copying path '/nix/store/10k9y069ssgl3l9av73r8x8hdalqpiic-binutils-wrapper-2.44' from 'https://cache.nixos.org'...
copying path '/nix/store/f5sfpd9kpa66vshigiy2k205pf93fiss-gcc-14.2.1.20250322' from 'https://cache.nixos.org'...
copying path '/nix/store/ifbr2frwmyf8p0a260hn5vzg3cagww14-pcre-8.45' from 'https://cache.nixos.org'...
copying path '/nix/store/dz7wyfsd3091401krlpmqq21mqblvihh-pcre-8.45-man' from 'https://cache.nixos.org'...
copying path '/nix/store/94ym188c3k0cznpajikmdlkr5r66irrl-pkg-config-0.29.2' from 'https://cache.nixos.org'...
copying path '/nix/store/2rvy20n2s0l1g2jahjficlpbfq3j3k9m-poppler-data-0.4.12' from 'https://cache.nixos.org'...
copying path '/nix/store/6c8bn7r4b3ca9p7if72jcxc8i147yx0q-python3-3.12.10' from 'https://cache.nixos.org'...
copying path '/nix/store/xw253kbqk934155fnvvq9581wv40c3r0-python3.12-beautifulsoup4-4.12.3' from 'https://cache.nixos.org'...
copying path '/nix/store/7yfhp8zax3d1va7yp819m7qazlb3zbwy-python3.12-dnspython-2.7.0' from 'https://cache.nixos.org'...
copying path '/nix/store/pq07az8zll7j12pj7gwl01vwl7n49m9g-python3.12-markdown-3.7' from 'https://cache.nixos.org'...
copying path '/nix/store/aajc6hnz0imzwfr2xy7ilnm7w3r8hs6m-libgphoto2-2.5.31' from 'https://cache.nixos.org'...
copying path '/nix/store/x7nyn4jv80amafdya2xgm1a07m0hinap-python3.12-markupsafe-3.0.2' from 'https://cache.nixos.org'...
copying path '/nix/store/0lln9m37mw7cjdf02krfpiwd4clwdlwl-python3.12-requests-2.32.3' from 'https://cache.nixos.org'...
copying path '/nix/store/0agm8i84jjndv8q58pkixnr970l3jfd2-qtmultimedia-5.15.16' from 'https://cache.nixos.org'...
copying path '/nix/store/3dmzgaqn2yxkc0ygxas63cvzi9sr6s7w-raptor2-2.0.16' from 'https://cache.nixos.org'...
copying path '/nix/store/z3q19kz3nv8p7ib989ra9k4q885fhjnp-p7zip-17.06' from 'https://cache.nixos.org'...
copying path '/nix/store/ak32kyxrl9awp1j0kl3vbl5945lfhx2k-python3.12-mako-1.3.9' from 'https://cache.nixos.org'...
copying path '/nix/store/390q1clhnm3ssqc03h1q4m0gwh35qzyl-pcre-8.45-bin' from 'https://cache.nixos.org'...
copying path '/nix/store/9gs6xpk5i492g14y5cxpdnp3zhkvyz2k-readline-8.2p13-man' from 'https://cache.nixos.org'...
copying path '/nix/store/mihda0valkyzzmsjal5s9c09n1synhvb-readline-8.2p13-man' from 'https://cache.nixos.org'...
copying path '/nix/store/0yh3mkc84xyqp1mh7lvl3zwa6hkjw1ic-rtmpdump-2.6' from 'https://cache.nixos.org'...
copying path '/nix/store/6m88dn7rc25a3y5ypiqk7v7b1i6hj3qb-samba-4.20.4-man' from 'https://cache.nixos.org'...
copying path '/nix/store/ygny1g99y2s1wk194a0ln9civyf172v8-samba-4.20.4-man' from 'https://cache.nixos.org'...
copying path '/nix/store/2hc26zz7qm9hkmp5m9ncaqsqyf0gympq-sane-backends-1.3.1-man' from 'https://cache.nixos.org'...
copying path '/nix/store/9f5w497kz5cz1h2s54z9ad0p0wib6crr-sane-backends-1.3.1-man' from 'https://cache.nixos.org'...
copying path '/nix/store/7ljgn6l0n65agrf03dlmbmm4q4mia38q-poppler-glib-25.05.0' from 'https://cache.nixos.org'...
copying path '/nix/store/lwqi2w0xzbh9warh5cfy7gp47mqlbg22-sfml-3.0.0' from 'https://cache.nixos.org'...
copying path '/nix/store/5d19pqjr11gyv3vmnwfng58l6bqi83pr-python3.12-moddb-0.12.0' from 'https://cache.nixos.org'...
copying path '/nix/store/zba8pqhfgqj32dsnh6by5021g90ayla1-soundtouch-2.3.3' from 'https://cache.nixos.org'...
copying path '/nix/store/7n37nndda2hsryq0clcw4l9jm5hsibi7-qtmultimedia-5.15.16-bin' from 'https://cache.nixos.org'...
copying path '/nix/store/cffa0f9j9izhylh4m2ad3znqp8pm4wcf-spandsp-0.0.6' from 'https://cache.nixos.org'...
copying path '/nix/store/92kkzn1gma8yqxy28zwrq5g5bw8jgkid-lrdf-0.6.1' from 'https://cache.nixos.org'...
copying path '/nix/store/i0g30z11viax2v3ynm3p1411c4dhi6w8-python3-3.12.10-env' from 'https://cache.nixos.org'...
copying path '/nix/store/lvp20pc217l6npyp3i05gmklx9l6819c-sqlite-3.48.0-bin' from 'https://cache.nixos.org'...
copying path '/nix/store/xfbmmpfi596dbgiagf0b54zw4nlr0lnz-sqlite-3.48.0-man' from 'https://cache.nixos.org'...
copying path '/nix/store/xrjy0a756pb41qq9a38lqvy2m7jd78p5-sqlite-3.48.0-man' from 'https://cache.nixos.org'...
copying path '/nix/store/41wk1h52k7ik4fm19ig26f4qdlnp8faz-taglib-2.0.2' from 'https://cache.nixos.org'...
copying path '/nix/store/s8h8dvk8g246039wa53mf18s1lz198rw-talloc-2.4.3' from 'https://cache.nixos.org'...
copying path '/nix/store/3ph8ryjz3kylr21pgy8dssa7wwk9xdvx-tcb-1.2' from 'https://cache.nixos.org'...
copying path '/nix/store/bj3ka41kizxlqy669kxcjafqv18baj83-tdb-1.4.13' from 'https://cache.nixos.org'...
copying path '/nix/store/ijchbyrw28ygc9ppya43bvaj1c5v5fmh-twolame-2017-09-27' from 'https://cache.nixos.org'...
copying path '/nix/store/y7r3j7vr8b3k9z5l9kf855szj17f5lq3-gobject-introspection-1.84.0-dev' from 'https://cache.nixos.org'...
copying path '/nix/store/qwyamxv061qwfrgn3d5lcxirpzly8pjn-unixODBC-2.3.12' from 'https://cache.nixos.org'...
copying path '/nix/store/i0nxwj9inj9w5im8r8ckcsy4y07xxdk3-unzip-6.0' from 'https://cache.nixos.org'...
copying path '/nix/store/xfpylmb1zzvajjl38dmdcpnch7fj9d2q-util-linux-2.41' from 'https://cache.nixos.org'...
copying path '/nix/store/z19ndr5slqax74dsancynd0mbxv15lgs-util-linux-2.41' from 'https://cache.nixos.org'...
copying path '/nix/store/awhr3w9cp4csjzm8z1ci4kl2r6sqf54g-sane-backends-1.3.1' from 'https://cache.nixos.org'...
copying path '/nix/store/pzh1nmnxfpq6b7jrbg1brxgzlb1wm7xc-util-linux-2.41-lib' from 'https://cache.nixos.org'...
copying path '/nix/store/za6pq24dsk7k7j542gc38s8q2j1jd5y4-util-linux-2.41-man' from 'https://cache.nixos.org'...
copying path '/nix/store/fy3mixfvrp9hb8dpk6m8b0666q0s3pff-shadow-4.17.4' from 'https://cache.nixos.org'...
copying path '/nix/store/yzbzj44y6g8naswynrp6ks48bkj971d1-tevent-0.16.2' from 'https://cache.nixos.org'...
copying path '/nix/store/h9qkfzy8i2fa66ykkc1b8shais6ph7rk-vo-aacenc-0.1.3' from 'https://cache.nixos.org'...
copying path '/nix/store/7fdj5ngj6z5f2kfp62mz20jqnpjzk5vs-vulkan-headers-1.4.313.0' from 'https://cache.nixos.org'...
copying path '/nix/store/n61l22fwhcm5ysf317sk0vpzgyfb4wi4-wavpack-5.8.1-man' from 'https://cache.nixos.org'...
copying path '/nix/store/lcar1d0bi9wilnxsb47zxmczqnc3s7lg-wayland-1.23.1-man' from 'https://cache.nixos.org'...
copying path '/nix/store/26j3xngq92l296izmx3py5isvps64205-gst-plugins-good-1.26.0' from 'https://cache.nixos.org'...
copying path '/nix/store/xmrgcrpsqxznzwnilhks8jhacr35jgnk-wildmidi.cfg' from 'https://cache.nixos.org'...
copying path '/nix/store/xscl1m8ssh4bwnsk0i64y281lj953p0x-gobject-introspection-wrapped-1.84.0-dev' from 'https://cache.nixos.org'...
copying path '/nix/store/gnnq88zzxpxn2an4fq9d9ci2w6agpb3a-zip-3.0' from 'https://cache.nixos.org'...
copying path '/nix/store/ly8vrf6h9dxzq74gl9xjp7121mnjrwsc-zip-3.0' from 'https://cache.nixos.org'...
copying path '/nix/store/23dl5br5hxqi1ljpbq2yhwc1ry58hds7-ldb-2.9.2' from 'https://cache.nixos.org'...
copying path '/nix/store/dq1cxir05q47xvyb1558x4469dv0sxqz-zxing-cpp-2.3.0' from 'https://cache.nixos.org'...
copying path '/nix/store/mjl6kqmq1v142abdkny5bkp1kp2l9fz3-zziplib-0.13.78' from 'https://cache.nixos.org'...
copying path '/nix/store/xhjacbqz9mv7ii2z4fyhazkzwiw3i66x-zziplib-0.13.78' from 'https://cache.nixos.org'...
copying path '/nix/store/dmfd7z89vqay0d0b1hy1msjaaq0q591s-wildmidi-0.4.6' from 'https://cache.nixos.org'...
copying path '/nix/store/23wsy1a6ad7sjhpas8yhprfjp2wsqvm1-python3.12-pygobject-3.50.0-dev' from 'https://cache.nixos.org'...
copying path '/nix/store/sr0fkg1fia0czxk9599ypg20vyv9nss9-util-linux-2.41-login' from 'https://cache.nixos.org'...
copying path '/nix/store/g9v6y45g98dd9n8f6pwn6fxjyh0k1hm6-util-linux-2.41-mount' from 'https://cache.nixos.org'...
copying path '/nix/store/9803ws0143vzbjlsdskscavzdz4pkq49-util-linux-2.41-swap' from 'https://cache.nixos.org'...
copying path '/nix/store/76pdsyx8kw7pmnqwgwkva72iyka6aa4v-lutris-unwrapped-0.5.19' from 'https://cache.nixos.org'...
copying path '/nix/store/iixw2fhdfxnlbgnrpbvmpmn7zsr85f2p-util-linux-2.41-bin' from 'https://cache.nixos.org'...
copying path '/nix/store/ixm4imrmgrz15cr21bdgdfcj9dizb43d-samba-4.20.4' from 'https://cache.nixos.org'...
copying path '/nix/store/yda4c1ipbp973xvjaa9ngcbqlz0c7ixj-gst-plugins-bad-1.26.0' from 'https://cache.nixos.org'...
copying path '/nix/store/vr6pa3kkj5h5la6lrv2aifv6i8is4i36-gtk4-4.18.5' from 'https://cache.nixos.org'...
copying path '/nix/store/6vxlipwavclykbnznaij3wqg3xh7llwv-libadwaita-1.7.2' from 'https://cache.nixos.org'...
copying path '/nix/store/a82m81h42165gzd0xgps4shxzd64s6xv-zenity-4.1.90' from 'https://cache.nixos.org'...
copying path '/nix/store/3ybmgdagsywxazrijmq9jl9dccb6k8qj-sdl3-3.2.12-lib' from 'https://cache.nixos.org'...
copying path '/nix/store/fg02g0b0xaap8l898f5ayfhadsgkzy03-sdl2-compat-2.32.56' from 'https://cache.nixos.org'...
copying path '/nix/store/kwqjvfwk7db9lpd6chxs48cxyhcm5r4d-SDL_compat-1.2.68' from 'https://cache.nixos.org'...
copying path '/nix/store/kg8p6bcz9piny0ppckn0i6q2zcd24zql-gcc-wrapper-14.2.1.20250322' from 'https://cache.nixos.org'...
Warning: Schema ?org.gnome.system.locale? has path ?/system/locale/?.  Paths starting with ?/apps/?, ?/desktop/? or ?/system/? are deprecated.
Warning: Schema ?org.gnome.system.proxy? has path ?/system/proxy/?.  Paths starting with ?/apps/?, ?/desktop/? or ?/system/? are deprecated.
Warning: Schema ?org.gnome.system.proxy.http? has path ?/system/proxy/http/?.  Paths starting with ?/apps/?, ?/desktop/? or ?/system/? are deprecated.
Warning: Schema ?org.gnome.system.proxy.https? has path ?/system/proxy/https/?.  Paths starting with ?/apps/?, ?/desktop/? or ?/system/? are deprecated.
Warning: Schema ?org.gnome.system.proxy.ftp? has path ?/system/proxy/ftp/?.  Paths starting with ?/apps/?, ?/desktop/? or ?/system/? are deprecated.
Warning: Schema ?org.gnome.system.proxy.socks? has path ?/system/proxy/socks/?.  Paths starting with ?/apps/?, ?/desktop/? or ?/system/? are deprecated.
building '/nix/store/0rfddzbbzfldycl63z8lyyzw4v9mgp8s-steam-bwrap.drv'...
building '/nix/store/n5gbf3snsr72d13ccrayfby0gq32v8qa-steam.drv'...
building '/nix/store/aibdr7giyw6j4l1b2qi8ywm5h24ddwlg-lutris-0.5.19-fhsenv-rootfs.drv'...
structuredAttrs is enabled
building '/nix/store/acmxk9gby756kwjdsdxr216fww5cisrz-lutris-0.5.19-bwrap.drv'...
building '/nix/store/hgb72pxshd3gf80nxfx11pxcrh2r0rhk-lutris-0.5.19.drv'...
building '/nix/store/dm3xympk4hahj3yfg1f2v2ra3mzrwvwb-system-path.drv'...
warning: collision between `/nix/store/v83wjfqd4yiqf2c90lhasr55nm0lvvdg-waybar-0.12.0/etc/xdg/waybar/style.css' and `/nix/store/l2aw7jhndlv442d6gnnz910mlvvk0x6b-waybar-0.12.0/etc/xdg/waybar/style.css'
warning: collision between `/nix/store/v83wjfqd4yiqf2c90lhasr55nm0lvvdg-waybar-0.12.0/etc/xdg/waybar/config.jsonc' and `/nix/store/l2aw7jhndlv442d6gnnz910mlvvk0x6b-waybar-0.12.0/etc/xdg/waybar/config.jsonc'
warning: collision between `/nix/store/v83wjfqd4yiqf2c90lhasr55nm0lvvdg-waybar-0.12.0/bin/.waybar-wrapped' and `/nix/store/l2aw7jhndlv442d6gnnz910mlvvk0x6b-waybar-0.12.0/bin/.waybar-wrapped'
warning: collision between `/nix/store/v83wjfqd4yiqf2c90lhasr55nm0lvvdg-waybar-0.12.0/bin/waybar' and `/nix/store/l2aw7jhndlv442d6gnnz910mlvvk0x6b-waybar-0.12.0/bin/waybar'
warning: collision between `/nix/store/v83wjfqd4yiqf2c90lhasr55nm0lvvdg-waybar-0.12.0/lib/systemd/user/waybar.service' and `/nix/store/l2aw7jhndlv442d6gnnz910mlvvk0x6b-waybar-0.12.0/lib/systemd/user/waybar.service'
warning: collision between `/nix/store/v83wjfqd4yiqf2c90lhasr55nm0lvvdg-waybar-0.12.0/lib/libcava.so' and `/nix/store/l2aw7jhndlv442d6gnnz910mlvvk0x6b-waybar-0.12.0/lib/libcava.so'
warning: collision between `/nix/store/v83wjfqd4yiqf2c90lhasr55nm0lvvdg-waybar-0.12.0/lib/pkgconfig/cava.pc' and `/nix/store/l2aw7jhndlv442d6gnnz910mlvvk0x6b-waybar-0.12.0/lib/pkgconfig/cava.pc'
warning: collision between `/nix/store/v83wjfqd4yiqf2c90lhasr55nm0lvvdg-waybar-0.12.0/share/systemd/user/waybar.service' and `/nix/store/l2aw7jhndlv442d6gnnz910mlvvk0x6b-waybar-0.12.0/share/systemd/user/waybar.service'
warning: collision between `/nix/store/v83wjfqd4yiqf2c90lhasr55nm0lvvdg-waybar-0.12.0/share/man/man5/waybar-sway-language.5.gz' and `/nix/store/l2aw7jhndlv442d6gnnz910mlvvk0x6b-waybar-0.12.0/share/man/man5/waybar-sway-language.5.gz'
warning: collision between `/nix/store/v83wjfqd4yiqf2c90lhasr55nm0lvvdg-waybar-0.12.0/share/man/man5/waybar-backlight-slider.5.gz' and `/nix/store/l2aw7jhndlv442d6gnnz910mlvvk0x6b-waybar-0.12.0/share/man/man5/waybar-backlight-slider.5.gz'
warning: collision between `/nix/store/v83wjfqd4yiqf2c90lhasr55nm0lvvdg-waybar-0.12.0/share/man/man5/waybar-systemd-failed-units.5.gz' and `/nix/store/l2aw7jhndlv442d6gnnz910mlvvk0x6b-waybar-0.12.0/share/man/man5/waybar-systemd-failed-units.5.gz'
warning: collision between `/nix/store/v83wjfqd4yiqf2c90lhasr55nm0lvvdg-waybar-0.12.0/share/man/man5/waybar-river-mode.5.gz' and `/nix/store/l2aw7jhndlv442d6gnnz910mlvvk0x6b-waybar-0.12.0/share/man/man5/waybar-river-mode.5.gz'
warning: collision between `/nix/store/v83wjfqd4yiqf2c90lhasr55nm0lvvdg-waybar-0.12.0/share/man/man5/waybar-jack.5.gz' and `/nix/store/l2aw7jhndlv442d6gnnz910mlvvk0x6b-waybar-0.12.0/share/man/man5/waybar-jack.5.gz'
warning: collision between `/nix/store/v83wjfqd4yiqf2c90lhasr55nm0lvvdg-waybar-0.12.0/share/man/man5/waybar-hyprland-submap.5.gz' and `/nix/store/l2aw7jhndlv442d6gnnz910mlvvk0x6b-waybar-0.12.0/share/man/man5/waybar-hyprland-submap.5.gz'
warning: collision between `/nix/store/v83wjfqd4yiqf2c90lhasr55nm0lvvdg-waybar-0.12.0/share/man/man5/waybar-pulseaudio.5.gz' and `/nix/store/l2aw7jhndlv442d6gnnz910mlvvk0x6b-waybar-0.12.0/share/man/man5/waybar-pulseaudio.5.gz'
warning: collision between `/nix/store/v83wjfqd4yiqf2c90lhasr55nm0lvvdg-waybar-0.12.0/share/man/man5/waybar-menu.5.gz' and `/nix/store/l2aw7jhndlv442d6gnnz910mlvvk0x6b-waybar-0.12.0/share/man/man5/waybar-menu.5.gz'
warning: collision between `/nix/store/v83wjfqd4yiqf2c90lhasr55nm0lvvdg-waybar-0.12.0/share/man/man5/waybar-power-profiles-daemon.5.gz' and `/nix/store/l2aw7jhndlv442d6gnnz910mlvvk0x6b-waybar-0.12.0/share/man/man5/waybar-power-profiles-daemon.5.gz'
warning: collision between `/nix/store/v83wjfqd4yiqf2c90lhasr55nm0lvvdg-waybar-0.12.0/share/man/man5/waybar-idle-inhibitor.5.gz' and `/nix/store/l2aw7jhndlv442d6gnnz910mlvvk0x6b-waybar-0.12.0/share/man/man5/waybar-idle-inhibitor.5.gz'
warning: collision between `/nix/store/v83wjfqd4yiqf2c90lhasr55nm0lvvdg-waybar-0.12.0/share/man/man5/waybar-hyprland-workspaces.5.gz' and `/nix/store/l2aw7jhndlv442d6gnnz910mlvvk0x6b-waybar-0.12.0/share/man/man5/waybar-hyprland-workspaces.5.gz'
warning: collision between `/nix/store/v83wjfqd4yiqf2c90lhasr55nm0lvvdg-waybar-0.12.0/share/man/man5/waybar-tray.5.gz' and `/nix/store/l2aw7jhndlv442d6gnnz910mlvvk0x6b-waybar-0.12.0/share/man/man5/waybar-tray.5.gz'
warning: collision between `/nix/store/v83wjfqd4yiqf2c90lhasr55nm0lvvdg-waybar-0.12.0/share/man/man5/waybar-states.5.gz' and `/nix/store/l2aw7jhndlv442d6gnnz910mlvvk0x6b-waybar-0.12.0/share/man/man5/waybar-states.5.gz'
warning: collision between `/nix/store/v83wjfqd4yiqf2c90lhasr55nm0lvvdg-waybar-0.12.0/share/man/man5/waybar-river-window.5.gz' and `/nix/store/l2aw7jhndlv442d6gnnz910mlvvk0x6b-waybar-0.12.0/share/man/man5/waybar-river-window.5.gz'
warning: collision between `/nix/store/v83wjfqd4yiqf2c90lhasr55nm0lvvdg-waybar-0.12.0/share/man/man5/waybar-hyprland-window.5.gz' and `/nix/store/l2aw7jhndlv442d6gnnz910mlvvk0x6b-waybar-0.12.0/share/man/man5/waybar-hyprland-window.5.gz'
warning: collision between `/nix/store/v83wjfqd4yiqf2c90lhasr55nm0lvvdg-waybar-0.12.0/share/man/man5/waybar-river-tags.5.gz' and `/nix/store/l2aw7jhndlv442d6gnnz910mlvvk0x6b-waybar-0.12.0/share/man/man5/waybar-river-tags.5.gz'
warning: collision between `/nix/store/v83wjfqd4yiqf2c90lhasr55nm0lvvdg-waybar-0.12.0/share/man/man5/waybar-dwl-tags.5.gz' and `/nix/store/l2aw7jhndlv442d6gnnz910mlvvk0x6b-waybar-0.12.0/share/man/man5/waybar-dwl-tags.5.gz'
warning: collision between `/nix/store/v83wjfqd4yiqf2c90lhasr55nm0lvvdg-waybar-0.12.0/share/man/man5/waybar-battery.5.gz' and `/nix/store/l2aw7jhndlv442d6gnnz910mlvvk0x6b-waybar-0.12.0/share/man/man5/waybar-battery.5.gz'
warning: collision between `/nix/store/v83wjfqd4yiqf2c90lhasr55nm0lvvdg-waybar-0.12.0/share/man/man5/waybar-gamemode.5.gz' and `/nix/store/l2aw7jhndlv442d6gnnz910mlvvk0x6b-waybar-0.12.0/share/man/man5/waybar-gamemode.5.gz'
warning: collision between `/nix/store/v83wjfqd4yiqf2c90lhasr55nm0lvvdg-waybar-0.12.0/share/man/man5/waybar-bluetooth.5.gz' and `/nix/store/l2aw7jhndlv442d6gnnz910mlvvk0x6b-waybar-0.12.0/share/man/man5/waybar-bluetooth.5.gz'
warning: collision between `/nix/store/v83wjfqd4yiqf2c90lhasr55nm0lvvdg-waybar-0.12.0/share/man/man5/waybar-river-layout.5.gz' and `/nix/store/l2aw7jhndlv442d6gnnz910mlvvk0x6b-waybar-0.12.0/share/man/man5/waybar-river-layout.5.gz'
warning: collision between `/nix/store/v83wjfqd4yiqf2c90lhasr55nm0lvvdg-waybar-0.12.0/share/man/man5/waybar-wlr-taskbar.5.gz' and `/nix/store/l2aw7jhndlv442d6gnnz910mlvvk0x6b-waybar-0.12.0/share/man/man5/waybar-wlr-taskbar.5.gz'
warning: collision between `/nix/store/v83wjfqd4yiqf2c90lhasr55nm0lvvdg-waybar-0.12.0/share/man/man5/waybar-styles.5.gz' and `/nix/store/l2aw7jhndlv442d6gnnz910mlvvk0x6b-waybar-0.12.0/share/man/man5/waybar-styles.5.gz'
warning: collision between `/nix/store/v83wjfqd4yiqf2c90lhasr55nm0lvvdg-waybar-0.12.0/share/man/man5/waybar-inhibitor.5.gz' and `/nix/store/l2aw7jhndlv442d6gnnz910mlvvk0x6b-waybar-0.12.0/share/man/man5/waybar-inhibitor.5.gz'
warning: collision between `/nix/store/v83wjfqd4yiqf2c90lhasr55nm0lvvdg-waybar-0.12.0/share/man/man5/waybar-sndio.5.gz' and `/nix/store/l2aw7jhndlv442d6gnnz910mlvvk0x6b-waybar-0.12.0/share/man/man5/waybar-sndio.5.gz'
warning: collision between `/nix/store/v83wjfqd4yiqf2c90lhasr55nm0lvvdg-waybar-0.12.0/share/man/man5/waybar-niri-window.5.gz' and `/nix/store/l2aw7jhndlv442d6gnnz910mlvvk0x6b-waybar-0.12.0/share/man/man5/waybar-niri-window.5.gz'
warning: collision between `/nix/store/v83wjfqd4yiqf2c90lhasr55nm0lvvdg-waybar-0.12.0/share/man/man5/waybar-disk.5.gz' and `/nix/store/l2aw7jhndlv442d6gnnz910mlvvk0x6b-waybar-0.12.0/share/man/man5/waybar-disk.5.gz'
warning: collision between `/nix/store/v83wjfqd4yiqf2c90lhasr55nm0lvvdg-waybar-0.12.0/share/man/man5/waybar-cpu.5.gz' and `/nix/store/l2aw7jhndlv442d6gnnz910mlvvk0x6b-waybar-0.12.0/share/man/man5/waybar-cpu.5.gz'
warning: collision between `/nix/store/v83wjfqd4yiqf2c90lhasr55nm0lvvdg-waybar-0.12.0/share/man/man5/waybar-pulseaudio-slider.5.gz' and `/nix/store/l2aw7jhndlv442d6gnnz910mlvvk0x6b-waybar-0.12.0/share/man/man5/waybar-pulseaudio-slider.5.gz'
warning: collision between `/nix/store/v83wjfqd4yiqf2c90lhasr55nm0lvvdg-waybar-0.12.0/share/man/man5/waybar-wlr-workspaces.5.gz' and `/nix/store/l2aw7jhndlv442d6gnnz910mlvvk0x6b-waybar-0.12.0/share/man/man5/waybar-wlr-workspaces.5.gz'
warning: collision between `/nix/store/v83wjfqd4yiqf2c90lhasr55nm0lvvdg-waybar-0.12.0/share/man/man5/waybar-mpris.5.gz' and `/nix/store/l2aw7jhndlv442d6gnnz910mlvvk0x6b-waybar-0.12.0/share/man/man5/waybar-mpris.5.gz'
warning: collision between `/nix/store/v83wjfqd4yiqf2c90lhasr55nm0lvvdg-waybar-0.12.0/share/man/man5/waybar-keyboard-state.5.gz' and `/nix/store/l2aw7jhndlv442d6gnnz910mlvvk0x6b-waybar-0.12.0/share/man/man5/waybar-keyboard-state.5.gz'
warning: collision between `/nix/store/v83wjfqd4yiqf2c90lhasr55nm0lvvdg-waybar-0.12.0/share/man/man5/waybar-wireplumber.5.gz' and `/nix/store/l2aw7jhndlv442d6gnnz910mlvvk0x6b-waybar-0.12.0/share/man/man5/waybar-wireplumber.5.gz'
warning: collision between `/nix/store/v83wjfqd4yiqf2c90lhasr55nm0lvvdg-waybar-0.12.0/share/man/man5/waybar-temperature.5.gz' and `/nix/store/l2aw7jhndlv442d6gnnz910mlvvk0x6b-waybar-0.12.0/share/man/man5/waybar-temperature.5.gz'
warning: collision between `/nix/store/v83wjfqd4yiqf2c90lhasr55nm0lvvdg-waybar-0.12.0/share/man/man5/waybar-sway-scratchpad.5.gz' and `/nix/store/l2aw7jhndlv442d6gnnz910mlvvk0x6b-waybar-0.12.0/share/man/man5/waybar-sway-scratchpad.5.gz'
warning: collision between `/nix/store/v83wjfqd4yiqf2c90lhasr55nm0lvvdg-waybar-0.12.0/share/man/man5/waybar-custom.5.gz' and `/nix/store/l2aw7jhndlv442d6gnnz910mlvvk0x6b-waybar-0.12.0/share/man/man5/waybar-custom.5.gz'
warning: collision between `/nix/store/v83wjfqd4yiqf2c90lhasr55nm0lvvdg-waybar-0.12.0/share/man/man5/waybar.5.gz' and `/nix/store/l2aw7jhndlv442d6gnnz910mlvvk0x6b-waybar-0.12.0/share/man/man5/waybar.5.gz'
warning: collision between `/nix/store/v83wjfqd4yiqf2c90lhasr55nm0lvvdg-waybar-0.12.0/share/man/man5/waybar-cffi.5.gz' and `/nix/store/l2aw7jhndlv442d6gnnz910mlvvk0x6b-waybar-0.12.0/share/man/man5/waybar-cffi.5.gz'
warning: collision between `/nix/store/v83wjfqd4yiqf2c90lhasr55nm0lvvdg-waybar-0.12.0/share/man/man5/waybar-cava.5.gz' and `/nix/store/l2aw7jhndlv442d6gnnz910mlvvk0x6b-waybar-0.12.0/share/man/man5/waybar-cava.5.gz'
warning: collision between `/nix/store/v83wjfqd4yiqf2c90lhasr55nm0lvvdg-waybar-0.12.0/share/man/man5/waybar-dwl-window.5.gz' and `/nix/store/l2aw7jhndlv442d6gnnz910mlvvk0x6b-waybar-0.12.0/share/man/man5/waybar-dwl-window.5.gz'
warning: collision between `/nix/store/v83wjfqd4yiqf2c90lhasr55nm0lvvdg-waybar-0.12.0/share/man/man5/waybar-mpd.5.gz' and `/nix/store/l2aw7jhndlv442d6gnnz910mlvvk0x6b-waybar-0.12.0/share/man/man5/waybar-mpd.5.gz'
warning: collision between `/nix/store/v83wjfqd4yiqf2c90lhasr55nm0lvvdg-waybar-0.12.0/share/man/man5/waybar-backlight.5.gz' and `/nix/store/l2aw7jhndlv442d6gnnz910mlvvk0x6b-waybar-0.12.0/share/man/man5/waybar-backlight.5.gz'
warning: collision between `/nix/store/v83wjfqd4yiqf2c90lhasr55nm0lvvdg-waybar-0.12.0/share/man/man5/waybar-memory.5.gz' and `/nix/store/l2aw7jhndlv442d6gnnz910mlvvk0x6b-waybar-0.12.0/share/man/man5/waybar-memory.5.gz'
warning: collision between `/nix/store/v83wjfqd4yiqf2c90lhasr55nm0lvvdg-waybar-0.12.0/share/man/man5/waybar-sway-mode.5.gz' and `/nix/store/l2aw7jhndlv442d6gnnz910mlvvk0x6b-waybar-0.12.0/share/man/man5/waybar-sway-mode.5.gz'
warning: collision between `/nix/store/v83wjfqd4yiqf2c90lhasr55nm0lvvdg-waybar-0.12.0/share/man/man5/waybar-image.5.gz' and `/nix/store/l2aw7jhndlv442d6gnnz910mlvvk0x6b-waybar-0.12.0/share/man/man5/waybar-image.5.gz'
warning: collision between `/nix/store/v83wjfqd4yiqf2c90lhasr55nm0lvvdg-waybar-0.12.0/share/man/man5/waybar-sway-window.5.gz' and `/nix/store/l2aw7jhndlv442d6gnnz910mlvvk0x6b-waybar-0.12.0/share/man/man5/waybar-sway-window.5.gz'
warning: collision between `/nix/store/v83wjfqd4yiqf2c90lhasr55nm0lvvdg-waybar-0.12.0/share/man/man5/waybar-privacy.5.gz' and `/nix/store/l2aw7jhndlv442d6gnnz910mlvvk0x6b-waybar-0.12.0/share/man/man5/waybar-privacy.5.gz'
warning: collision between `/nix/store/v83wjfqd4yiqf2c90lhasr55nm0lvvdg-waybar-0.12.0/share/man/man5/waybar-network.5.gz' and `/nix/store/l2aw7jhndlv442d6gnnz910mlvvk0x6b-waybar-0.12.0/share/man/man5/waybar-network.5.gz'
warning: collision between `/nix/store/v83wjfqd4yiqf2c90lhasr55nm0lvvdg-waybar-0.12.0/share/man/man5/waybar-clock.5.gz' and `/nix/store/l2aw7jhndlv442d6gnnz910mlvvk0x6b-waybar-0.12.0/share/man/man5/waybar-clock.5.gz'
warning: collision between `/nix/store/v83wjfqd4yiqf2c90lhasr55nm0lvvdg-waybar-0.12.0/share/man/man5/waybar-sway-workspaces.5.gz' and `/nix/store/l2aw7jhndlv442d6gnnz910mlvvk0x6b-waybar-0.12.0/share/man/man5/waybar-sway-workspaces.5.gz'
warning: collision between `/nix/store/v83wjfqd4yiqf2c90lhasr55nm0lvvdg-waybar-0.12.0/share/man/man5/waybar-niri-workspaces.5.gz' and `/nix/store/l2aw7jhndlv442d6gnnz910mlvvk0x6b-waybar-0.12.0/share/man/man5/waybar-niri-workspaces.5.gz'
warning: collision between `/nix/store/v83wjfqd4yiqf2c90lhasr55nm0lvvdg-waybar-0.12.0/share/man/man5/waybar-upower.5.gz' and `/nix/store/l2aw7jhndlv442d6gnnz910mlvvk0x6b-waybar-0.12.0/share/man/man5/waybar-upower.5.gz'
warning: collision between `/nix/store/v83wjfqd4yiqf2c90lhasr55nm0lvvdg-waybar-0.12.0/share/man/man5/waybar-hyprland-language.5.gz' and `/nix/store/l2aw7jhndlv442d6gnnz910mlvvk0x6b-waybar-0.12.0/share/man/man5/waybar-hyprland-language.5.gz'
warning: collision between `/nix/store/v83wjfqd4yiqf2c90lhasr55nm0lvvdg-waybar-0.12.0/share/man/man5/waybar-niri-language.5.gz' and `/nix/store/l2aw7jhndlv442d6gnnz910mlvvk0x6b-waybar-0.12.0/share/man/man5/waybar-niri-language.5.gz'
created 10120 symlinks in user environment
building '/nix/store/lgsdbn47ksf403l7v6vr5p5frdhgvqqy-X-Restart-Triggers-polkit.drv'...
building '/nix/store/xpzm4crvfvrfy102c731dlh8kifgcqn8-dbus-1.drv'...
building '/nix/store/ficsjszlbydfp9yda913cnd1sv2zkfp8-unit-polkit.service.drv'...
building '/nix/store/53zn47kh1ibjzqhlklhzrkrzq05ry1p3-X-Restart-Triggers-dbus.drv'...
building '/nix/store/fwai4pmrjpvyih9fbyy202fkgl33nf4v-unit-dbus.service.drv'...
building '/nix/store/nrsk5g4p3s760s33gjwdfk49m3bvsv12-unit-dbus.service.drv'...
building '/nix/store/nbj6r94az43x9szfrb8jj7a2z68wcq4d-user-units.drv'...
building '/nix/store/k5k5x6hzf8hxj7dnnajvnf0cdapzl0l3-system-units.drv'...
building '/nix/store/4m3wmdhfhqm1fw6jpyqydkhn2h09djgi-etc.drv'...
building '/nix/store/iy1r1dg1mpp8j4ww86njxbfra4fapybg-nixos-system-nixos-25.05.802746.7282cb574e06.drv'...
activating the configuration...
setting up /etc...
reloading user units for mylesc...
restarting sysinit-reactivation.target
reloading the following units: dbus.service
restarting the following units: polkit.service
the following new units were started: NetworkManager-dispatcher.service
Done. The new configuration is /nix/store/an2wr29wp7h4ip0chrwnkq52fcmm0dqj-nixos-system-nixos-25.05.802746.7282cb574e06
